[0.633s] Invoking command in '/home/rinna/ROS_2/ROSM3/ex01/ros2_ws/src/py_srvcli': PYTHONPATH=/home/rinna/ROS_2/ROSM3/ex01/ros2_ws/build/py_srvcli/prefix_override:/usr/lib/python3/dist-packages/colcon_core/task/python/colcon_distutils_commands:/home/rinna/ROS_2/ROSM3/ex01/ros2_ws/install/py_srvcli/lib/python3.10/site-packages:${PYTHONPATH} /usr/bin/python3 -W ignore:setup.py install is deprecated -W ignore:easy_install command is deprecated setup.py egg_info --egg-base ../../build/py_srvcli build --build-base /home/rinna/ROS_2/ROSM3/ex01/ros2_ws/build/py_srvcli/build install --record /home/rinna/ROS_2/ROSM3/ex01/ros2_ws/build/py_srvcli/install.log --single-version-externally-managed install_data
[0.794s] running egg_info
[0.794s] creating ../../build/py_srvcli/py_srvcli.egg-info
[0.795s] writing ../../build/py_srvcli/py_srvcli.egg-info/PKG-INFO
[0.795s] writing dependency_links to ../../build/py_srvcli/py_srvcli.egg-info/dependency_links.txt
[0.795s] writing entry points to ../../build/py_srvcli/py_srvcli.egg-info/entry_points.txt
[0.795s] writing requirements to ../../build/py_srvcli/py_srvcli.egg-info/requires.txt
[0.795s] writing top-level names to ../../build/py_srvcli/py_srvcli.egg-info/top_level.txt
[0.795s] writing manifest file '../../build/py_srvcli/py_srvcli.egg-info/SOURCES.txt'
[0.796s] reading manifest file '../../build/py_srvcli/py_srvcli.egg-info/SOURCES.txt'
[0.796s] adding license file 'LICENSE'
[0.797s] writing manifest file '../../build/py_srvcli/py_srvcli.egg-info/SOURCES.txt'
[0.797s] running build
[0.797s] running build_py
[0.797s] creating /home/rinna/ROS_2/ROSM3/ex01/ros2_ws/build/py_srvcli/build
[0.797s] creating /home/rinna/ROS_2/ROSM3/ex01/ros2_ws/build/py_srvcli/build/lib
[0.798s] creating /home/rinna/ROS_2/ROSM3/ex01/ros2_ws/build/py_srvcli/build/lib/py_srvcli
[0.798s] copying py_srvcli/__init__.py -> /home/rinna/ROS_2/ROSM3/ex01/ros2_ws/build/py_srvcli/build/lib/py_srvcli
[0.798s] copying py_srvcli/service_member_function.py -> /home/rinna/ROS_2/ROSM3/ex01/ros2_ws/build/py_srvcli/build/lib/py_srvcli
[0.798s] copying py_srvcli/client_member_function.py -> /home/rinna/ROS_2/ROSM3/ex01/ros2_ws/build/py_srvcli/build/lib/py_srvcli
[0.799s] running install
[0.799s] running install_lib
[0.799s] creating /home/rinna/ROS_2/ROSM3/ex01/ros2_ws/install/py_srvcli/lib/python3.10/site-packages/py_srvcli
[0.800s] copying /home/rinna/ROS_2/ROSM3/ex01/ros2_ws/build/py_srvcli/build/lib/py_srvcli/__init__.py -> /home/rinna/ROS_2/ROSM3/ex01/ros2_ws/install/py_srvcli/lib/python3.10/site-packages/py_srvcli
[0.800s] copying /home/rinna/ROS_2/ROSM3/ex01/ros2_ws/build/py_srvcli/build/lib/py_srvcli/service_member_function.py -> /home/rinna/ROS_2/ROSM3/ex01/ros2_ws/install/py_srvcli/lib/python3.10/site-packages/py_srvcli
[0.800s] copying /home/rinna/ROS_2/ROSM3/ex01/ros2_ws/build/py_srvcli/build/lib/py_srvcli/client_member_function.py -> /home/rinna/ROS_2/ROSM3/ex01/ros2_ws/install/py_srvcli/lib/python3.10/site-packages/py_srvcli
[0.800s] byte-compiling /home/rinna/ROS_2/ROSM3/ex01/ros2_ws/install/py_srvcli/lib/python3.10/site-packages/py_srvcli/__init__.py to __init__.cpython-310.pyc
[0.801s] byte-compiling /home/rinna/ROS_2/ROSM3/ex01/ros2_ws/install/py_srvcli/lib/python3.10/site-packages/py_srvcli/service_member_function.py to service_member_function.cpython-310.pyc
[0.801s] byte-compiling /home/rinna/ROS_2/ROSM3/ex01/ros2_ws/install/py_srvcli/lib/python3.10/site-packages/py_srvcli/client_member_function.py to client_member_function.cpython-310.pyc
[0.801s] running install_data
[0.802s] creating /home/rinna/ROS_2/ROSM3/ex01/ros2_ws/install/py_srvcli/share/ament_index
[0.802s] creating /home/rinna/ROS_2/ROSM3/ex01/ros2_ws/install/py_srvcli/share/ament_index/resource_index
[0.802s] creating /home/rinna/ROS_2/ROSM3/ex01/ros2_ws/install/py_srvcli/share/ament_index/resource_index/packages
[0.803s] copying resource/py_srvcli -> /home/rinna/ROS_2/ROSM3/ex01/ros2_ws/install/py_srvcli/share/ament_index/resource_index/packages
[0.803s] copying package.xml -> /home/rinna/ROS_2/ROSM3/ex01/ros2_ws/install/py_srvcli/share/py_srvcli
[0.803s] running install_egg_info
[0.804s] Copying ../../build/py_srvcli/py_srvcli.egg-info to /home/rinna/ROS_2/ROSM3/ex01/ros2_ws/install/py_srvcli/lib/python3.10/site-packages/py_srvcli-0.0.0-py3.10.egg-info
[0.806s] running install_scripts
[0.824s] Installing client script to /home/rinna/ROS_2/ROSM3/ex01/ros2_ws/install/py_srvcli/lib/py_srvcli
[0.824s] Installing service script to /home/rinna/ROS_2/ROSM3/ex01/ros2_ws/install/py_srvcli/lib/py_srvcli
[0.825s] writing list of installed files to '/home/rinna/ROS_2/ROSM3/ex01/ros2_ws/build/py_srvcli/install.log'
[0.852s] Invoked command in '/home/rinna/ROS_2/ROSM3/ex01/ros2_ws/src/py_srvcli' returned '0': PYTHONPATH=/home/rinna/ROS_2/ROSM3/ex01/ros2_ws/build/py_srvcli/prefix_override:/usr/lib/python3/dist-packages/colcon_core/task/python/colcon_distutils_commands:/home/rinna/ROS_2/ROSM3/ex01/ros2_ws/install/py_srvcli/lib/python3.10/site-packages:${PYTHONPATH} /usr/bin/python3 -W ignore:setup.py install is deprecated -W ignore:easy_install command is deprecated setup.py egg_info --egg-base ../../build/py_srvcli build --build-base /home/rinna/ROS_2/ROSM3/ex01/ros2_ws/build/py_srvcli/build install --record /home/rinna/ROS_2/ROSM3/ex01/ros2_ws/build/py_srvcli/install.log --single-version-externally-managed install_data
