[0.235s] DEBUG:colcon:Command line arguments: ['/usr/bin/colcon', 'build']
[0.235s] DEBUG:colcon:Parsed command line arguments: Namespace(log_base=None, log_level=None, verb_name='build', build_base='build', install_base='install', merge_install=False, symlink_install=False, test_result_base=None, continue_on_error=False, executor='parallel', parallel_workers=16, event_handlers=None, ignore_user_meta=False, metas=['./colcon.meta'], base_paths=['.'], packages_ignore=None, packages_ignore_regex=None, paths=None, packages_up_to=None, packages_up_to_regex=None, packages_above=None, packages_above_and_dependencies=None, packages_above_depth=None, packages_select_by_dep=None, packages_skip_by_dep=None, packages_skip_up_to=None, packages_select_build_failed=False, packages_skip_build_finished=False, packages_select_test_failures=False, packages_skip_test_passed=False, packages_select=None, packages_skip=None, packages_select_regex=None, packages_skip_regex=None, packages_start=None, packages_end=None, allow_overriding=[], cmake_args=None, cmake_target=None, cmake_target_skip_unavailable=False, cmake_clean_cache=False, cmake_clean_first=False, cmake_force_configure=False, ament_cmake_args=None, catkin_cmake_args=None, catkin_skip_building_tests=False, mixin_files=None, mixin=None, verb_parser=<colcon_mixin.mixin.mixin_argument.MixinArgumentDecorator object at 0x7f8acd849330>, verb_extension=<colcon_core.verb.build.BuildVerb object at 0x7f8acd9c6d10>, main=<bound method BuildVerb.main of <colcon_core.verb.build.BuildVerb object at 0x7f8acd9c6d10>>, mixin_verb=('build',))
[0.547s] Level 1:colcon.colcon_core.package_discovery:discover_packages(colcon_meta) check parameters
[0.547s] Level 1:colcon.colcon_core.package_discovery:discover_packages(recursive) check parameters
[0.547s] Level 1:colcon.colcon_core.package_discovery:discover_packages(ignore) check parameters
[0.547s] Level 1:colcon.colcon_core.package_discovery:discover_packages(path) check parameters
[0.547s] Level 1:colcon.colcon_core.package_discovery:discover_packages(colcon_meta) discover
[0.547s] Level 1:colcon.colcon_core.package_discovery:discover_packages(recursive) discover
[0.548s] INFO:colcon.colcon_core.package_discovery:Crawling recursively for packages in '/home/rinna/ROS_2/ROSM5/ex01/sam_bot_description'
[0.548s] Level 1:colcon.colcon_core.package_identification:_identify(.) by extensions ['ignore', 'ignore_ament_install']
[0.548s] Level 1:colcon.colcon_core.package_identification:_identify(.) by extension 'ignore'
[0.548s] Level 1:colcon.colcon_core.package_identification:_identify(.) by extension 'ignore_ament_install'
[0.548s] Level 1:colcon.colcon_core.package_identification:_identify(.) by extensions ['colcon_pkg']
[0.548s] Level 1:colcon.colcon_core.package_identification:_identify(.) by extension 'colcon_pkg'
[0.548s] Level 1:colcon.colcon_core.package_identification:_identify(.) by extensions ['colcon_meta']
[0.548s] Level 1:colcon.colcon_core.package_identification:_identify(.) by extension 'colcon_meta'
[0.548s] Level 1:colcon.colcon_core.package_identification:_identify(.) by extensions ['ros']
[0.548s] Level 1:colcon.colcon_core.package_identification:_identify(.) by extension 'ros'
[0.560s] DEBUG:colcon.colcon_core.package_identification:Package '.' with type 'ros.ament_cmake' and name 'sam_bot_description'
[0.560s] Level 1:colcon.colcon_core.package_discovery:discover_packages(recursive) using defaults
[0.560s] Level 1:colcon.colcon_core.package_discovery:discover_packages(ignore) discover
[0.560s] Level 1:colcon.colcon_core.package_discovery:discover_packages(ignore) using defaults
[0.560s] Level 1:colcon.colcon_core.package_discovery:discover_packages(path) discover
[0.560s] Level 1:colcon.colcon_core.package_discovery:discover_packages(path) using defaults
[0.602s] Level 1:colcon.colcon_core.package_discovery:discover_packages(prefix_path) check parameters
[0.602s] Level 1:colcon.colcon_core.package_discovery:discover_packages(prefix_path) discover
[0.608s] DEBUG:colcon.colcon_installed_package_information.package_discovery:Found 289 installed packages in /opt/ros/humble
[0.609s] Level 1:colcon.colcon_core.package_discovery:discover_packages(prefix_path) using defaults
[0.692s] Level 5:colcon.colcon_core.verb:set package 'sam_bot_description' build argument 'cmake_args' from command line to 'None'
[0.692s] Level 5:colcon.colcon_core.verb:set package 'sam_bot_description' build argument 'cmake_target' from command line to 'None'
[0.692s] Level 5:colcon.colcon_core.verb:set package 'sam_bot_description' build argument 'cmake_target_skip_unavailable' from command line to 'False'
[0.692s] Level 5:colcon.colcon_core.verb:set package 'sam_bot_description' build argument 'cmake_clean_cache' from command line to 'False'
[0.692s] Level 5:colcon.colcon_core.verb:set package 'sam_bot_description' build argument 'cmake_clean_first' from command line to 'False'
[0.693s] Level 5:colcon.colcon_core.verb:set package 'sam_bot_description' build argument 'cmake_force_configure' from command line to 'False'
[0.693s] Level 5:colcon.colcon_core.verb:set package 'sam_bot_description' build argument 'ament_cmake_args' from command line to 'None'
[0.693s] Level 5:colcon.colcon_core.verb:set package 'sam_bot_description' build argument 'catkin_cmake_args' from command line to 'None'
[0.693s] Level 5:colcon.colcon_core.verb:set package 'sam_bot_description' build argument 'catkin_skip_building_tests' from command line to 'False'
[0.693s] DEBUG:colcon.colcon_core.verb:Building package 'sam_bot_description' with the following arguments: {'ament_cmake_args': None, 'build_base': '/home/rinna/ROS_2/ROSM5/ex01/sam_bot_description/build/sam_bot_description', 'catkin_cmake_args': None, 'catkin_skip_building_tests': False, 'cmake_args': None, 'cmake_clean_cache': False, 'cmake_clean_first': False, 'cmake_force_configure': False, 'cmake_target': None, 'cmake_target_skip_unavailable': False, 'install_base': '/home/rinna/ROS_2/ROSM5/ex01/sam_bot_description/install/sam_bot_description', 'merge_install': False, 'path': '/home/rinna/ROS_2/ROSM5/ex01/sam_bot_description', 'symlink_install': False, 'test_result_base': None}
[0.693s] INFO:colcon.colcon_core.executor:Executing jobs using 'parallel' executor
[0.694s] DEBUG:colcon.colcon_parallel_executor.executor.parallel:run_until_complete
[0.694s] INFO:colcon.colcon_ros.task.ament_cmake.build:Building ROS package in '/home/rinna/ROS_2/ROSM5/ex01/sam_bot_description' with build type 'ament_cmake'
[0.694s] INFO:colcon.colcon_cmake.task.cmake.build:Building CMake package in '/home/rinna/ROS_2/ROSM5/ex01/sam_bot_description'
[0.699s] INFO:colcon.colcon_core.plugin_system:Skipping extension 'colcon_core.shell.bat': Not used on non-Windows systems
[0.699s] INFO:colcon.colcon_core.shell:Skip shell extension 'powershell' for command environment: Not usable outside of PowerShell
[0.699s] DEBUG:colcon.colcon_core.shell:Skip shell extension 'dsv' for command environment
[0.711s] DEBUG:colcon.colcon_core.event_handler.log_command:Invoking command in '/home/rinna/ROS_2/ROSM5/ex01/sam_bot_description/build/sam_bot_description': CMAKE_PREFIX_PATH=/opt/ros/humble /usr/bin/cmake /home/rinna/ROS_2/ROSM5/ex01/sam_bot_description -DCMAKE_INSTALL_PREFIX=/home/rinna/ROS_2/ROSM5/ex01/sam_bot_description/install/sam_bot_description
[1.982s] DEBUG:colcon.colcon_core.event_handler.log_command:Invoked command in '/home/rinna/ROS_2/ROSM5/ex01/sam_bot_description/build/sam_bot_description' returned '0': CMAKE_PREFIX_PATH=/opt/ros/humble /usr/bin/cmake /home/rinna/ROS_2/ROSM5/ex01/sam_bot_description -DCMAKE_INSTALL_PREFIX=/home/rinna/ROS_2/ROSM5/ex01/sam_bot_description/install/sam_bot_description
[1.984s] DEBUG:colcon.colcon_core.event_handler.log_command:Invoking command in '/home/rinna/ROS_2/ROSM5/ex01/sam_bot_description/build/sam_bot_description': CMAKE_PREFIX_PATH=/opt/ros/humble /usr/bin/cmake --build /home/rinna/ROS_2/ROSM5/ex01/sam_bot_description/build/sam_bot_description -- -j16 -l16
[2.026s] DEBUG:colcon.colcon_core.event_handler.log_command:Invoked command in '/home/rinna/ROS_2/ROSM5/ex01/sam_bot_description/build/sam_bot_description' returned '0': CMAKE_PREFIX_PATH=/opt/ros/humble /usr/bin/cmake --build /home/rinna/ROS_2/ROSM5/ex01/sam_bot_description/build/sam_bot_description -- -j16 -l16
[2.038s] DEBUG:colcon.colcon_core.event_handler.log_command:Invoking command in '/home/rinna/ROS_2/ROSM5/ex01/sam_bot_description/build/sam_bot_description': CMAKE_PREFIX_PATH=/opt/ros/humble /usr/bin/cmake --install /home/rinna/ROS_2/ROSM5/ex01/sam_bot_description/build/sam_bot_description
[2.054s] Level 1:colcon.colcon_core.environment:create_environment_scripts_only(sam_bot_description)
[2.054s] DEBUG:colcon.colcon_core.event_handler.log_command:Invoked command in '/home/rinna/ROS_2/ROSM5/ex01/sam_bot_description/build/sam_bot_description' returned '0': CMAKE_PREFIX_PATH=/opt/ros/humble /usr/bin/cmake --install /home/rinna/ROS_2/ROSM5/ex01/sam_bot_description/build/sam_bot_description
[2.064s] Level 1:colcon.colcon_core.environment:checking '/home/rinna/ROS_2/ROSM5/ex01/sam_bot_description/install/sam_bot_description' for CMake module files
[2.064s] Level 1:colcon.colcon_core.environment:checking '/home/rinna/ROS_2/ROSM5/ex01/sam_bot_description/install/sam_bot_description' for CMake config files
[2.064s] Level 1:colcon.colcon_core.shell:create_environment_hook('sam_bot_description', 'cmake_prefix_path')
[2.064s] INFO:colcon.colcon_core.shell:Creating environment hook '/home/rinna/ROS_2/ROSM5/ex01/sam_bot_description/install/sam_bot_description/share/sam_bot_description/hook/cmake_prefix_path.ps1'
[2.066s] INFO:colcon.colcon_core.shell:Creating environment descriptor '/home/rinna/ROS_2/ROSM5/ex01/sam_bot_description/install/sam_bot_description/share/sam_bot_description/hook/cmake_prefix_path.dsv'
[2.067s] INFO:colcon.colcon_core.shell:Creating environment hook '/home/rinna/ROS_2/ROSM5/ex01/sam_bot_description/install/sam_bot_description/share/sam_bot_description/hook/cmake_prefix_path.sh'
[2.068s] Level 1:colcon.colcon_core.environment:checking '/home/rinna/ROS_2/ROSM5/ex01/sam_bot_description/install/sam_bot_description/bin'
[2.068s] Level 1:colcon.colcon_core.environment:checking '/home/rinna/ROS_2/ROSM5/ex01/sam_bot_description/install/sam_bot_description/lib/pkgconfig/sam_bot_description.pc'
[2.068s] Level 1:colcon.colcon_core.environment:checking '/home/rinna/ROS_2/ROSM5/ex01/sam_bot_description/install/sam_bot_description/lib/python3.10/site-packages'
[2.068s] Level 1:colcon.colcon_core.environment:checking '/home/rinna/ROS_2/ROSM5/ex01/sam_bot_description/install/sam_bot_description/bin'
[2.069s] INFO:colcon.colcon_core.shell:Creating package script '/home/rinna/ROS_2/ROSM5/ex01/sam_bot_description/install/sam_bot_description/share/sam_bot_description/package.ps1'
[2.069s] INFO:colcon.colcon_core.shell:Creating package descriptor '/home/rinna/ROS_2/ROSM5/ex01/sam_bot_description/install/sam_bot_description/share/sam_bot_description/package.dsv'
[2.070s] INFO:colcon.colcon_core.shell:Creating package script '/home/rinna/ROS_2/ROSM5/ex01/sam_bot_description/install/sam_bot_description/share/sam_bot_description/package.sh'
[2.071s] INFO:colcon.colcon_core.shell:Creating package script '/home/rinna/ROS_2/ROSM5/ex01/sam_bot_description/install/sam_bot_description/share/sam_bot_description/package.bash'
[2.072s] INFO:colcon.colcon_core.shell:Creating package script '/home/rinna/ROS_2/ROSM5/ex01/sam_bot_description/install/sam_bot_description/share/sam_bot_description/package.zsh'
[2.072s] Level 1:colcon.colcon_core.environment:create_file_with_runtime_dependencies(/home/rinna/ROS_2/ROSM5/ex01/sam_bot_description/install/sam_bot_description/share/colcon-core/packages/sam_bot_description)
[2.074s] Level 1:colcon.colcon_core.environment:create_environment_scripts_only(sam_bot_description)
[2.074s] Level 1:colcon.colcon_core.environment:checking '/home/rinna/ROS_2/ROSM5/ex01/sam_bot_description/install/sam_bot_description' for CMake module files
[2.074s] Level 1:colcon.colcon_core.environment:checking '/home/rinna/ROS_2/ROSM5/ex01/sam_bot_description/install/sam_bot_description' for CMake config files
[2.074s] Level 1:colcon.colcon_core.shell:create_environment_hook('sam_bot_description', 'cmake_prefix_path')
[2.074s] INFO:colcon.colcon_core.shell:Creating environment hook '/home/rinna/ROS_2/ROSM5/ex01/sam_bot_description/install/sam_bot_description/share/sam_bot_description/hook/cmake_prefix_path.ps1'
[2.075s] INFO:colcon.colcon_core.shell:Creating environment descriptor '/home/rinna/ROS_2/ROSM5/ex01/sam_bot_description/install/sam_bot_description/share/sam_bot_description/hook/cmake_prefix_path.dsv'
[2.075s] INFO:colcon.colcon_core.shell:Creating environment hook '/home/rinna/ROS_2/ROSM5/ex01/sam_bot_description/install/sam_bot_description/share/sam_bot_description/hook/cmake_prefix_path.sh'
[2.075s] Level 1:colcon.colcon_core.environment:checking '/home/rinna/ROS_2/ROSM5/ex01/sam_bot_description/install/sam_bot_description/bin'
[2.075s] Level 1:colcon.colcon_core.environment:checking '/home/rinna/ROS_2/ROSM5/ex01/sam_bot_description/install/sam_bot_description/lib/pkgconfig/sam_bot_description.pc'
[2.075s] Level 1:colcon.colcon_core.environment:checking '/home/rinna/ROS_2/ROSM5/ex01/sam_bot_description/install/sam_bot_description/lib/python3.10/site-packages'
[2.076s] Level 1:colcon.colcon_core.environment:checking '/home/rinna/ROS_2/ROSM5/ex01/sam_bot_description/install/sam_bot_description/bin'
[2.076s] INFO:colcon.colcon_core.shell:Creating package script '/home/rinna/ROS_2/ROSM5/ex01/sam_bot_description/install/sam_bot_description/share/sam_bot_description/package.ps1'
[2.076s] INFO:colcon.colcon_core.shell:Creating package descriptor '/home/rinna/ROS_2/ROSM5/ex01/sam_bot_description/install/sam_bot_description/share/sam_bot_description/package.dsv'
[2.077s] INFO:colcon.colcon_core.shell:Creating package script '/home/rinna/ROS_2/ROSM5/ex01/sam_bot_description/install/sam_bot_description/share/sam_bot_description/package.sh'
[2.077s] INFO:colcon.colcon_core.shell:Creating package script '/home/rinna/ROS_2/ROSM5/ex01/sam_bot_description/install/sam_bot_description/share/sam_bot_description/package.bash'
[2.077s] INFO:colcon.colcon_core.shell:Creating package script '/home/rinna/ROS_2/ROSM5/ex01/sam_bot_description/install/sam_bot_description/share/sam_bot_description/package.zsh'
[2.078s] Level 1:colcon.colcon_core.environment:create_file_with_runtime_dependencies(/home/rinna/ROS_2/ROSM5/ex01/sam_bot_description/install/sam_bot_description/share/colcon-core/packages/sam_bot_description)
[2.078s] DEBUG:colcon.colcon_parallel_executor.executor.parallel:closing loop
[2.078s] DEBUG:colcon.colcon_parallel_executor.executor.parallel:loop closed
[2.079s] DEBUG:colcon.colcon_parallel_executor.executor.parallel:run_until_complete finished with '0'
[2.079s] DEBUG:colcon.colcon_core.event_reactor:joining thread
[2.101s] INFO:colcon.colcon_core.plugin_system:Skipping extension 'colcon_notification.desktop_notification.notify_send': Could not find 'notify-send'
[2.101s] INFO:colcon.colcon_core.plugin_system:Skipping extension 'colcon_notification.desktop_notification.terminal_notifier': Not used on non-Darwin systems
[2.101s] INFO:colcon.colcon_core.plugin_system:Skipping extension 'colcon_notification.desktop_notification.win32': Not used on non-Windows systems
[2.102s] INFO:colcon.colcon_notification.desktop_notification:Sending desktop notification using 'notify2'
[2.102s] DEBUG:colcon.colcon_notification.desktop_notification.notify2:Failed to initialize notify2: org.freedesktop.DBus.Error.FileNotFound: Failed to connect to socket /run/user/1000/bus: No such file or directory
[2.102s] DEBUG:colcon.colcon_core.event_reactor:joined thread
[2.102s] INFO:colcon.colcon_core.shell:Creating prefix script '/home/rinna/ROS_2/ROSM5/ex01/sam_bot_description/install/local_setup.ps1'
[2.103s] INFO:colcon.colcon_core.shell:Creating prefix util module '/home/rinna/ROS_2/ROSM5/ex01/sam_bot_description/install/_local_setup_util_ps1.py'
[2.104s] INFO:colcon.colcon_core.shell:Creating prefix chain script '/home/rinna/ROS_2/ROSM5/ex01/sam_bot_description/install/setup.ps1'
[2.105s] INFO:colcon.colcon_core.shell:Creating prefix script '/home/rinna/ROS_2/ROSM5/ex01/sam_bot_description/install/local_setup.sh'
[2.106s] INFO:colcon.colcon_core.shell:Creating prefix util module '/home/rinna/ROS_2/ROSM5/ex01/sam_bot_description/install/_local_setup_util_sh.py'
[2.106s] INFO:colcon.colcon_core.shell:Creating prefix chain script '/home/rinna/ROS_2/ROSM5/ex01/sam_bot_description/install/setup.sh'
[2.107s] INFO:colcon.colcon_core.shell:Creating prefix script '/home/rinna/ROS_2/ROSM5/ex01/sam_bot_description/install/local_setup.bash'
[2.108s] INFO:colcon.colcon_core.shell:Creating prefix chain script '/home/rinna/ROS_2/ROSM5/ex01/sam_bot_description/install/setup.bash'
[2.109s] INFO:colcon.colcon_core.shell:Creating prefix script '/home/rinna/ROS_2/ROSM5/ex01/sam_bot_description/install/local_setup.zsh'
[2.110s] INFO:colcon.colcon_core.shell:Creating prefix chain script '/home/rinna/ROS_2/ROSM5/ex01/sam_bot_description/install/setup.zsh'
