[0.013s] Invoking command in '/home/rinna/ROS_2/ROSM3/ex01/full_name_package/build/full_name_package': CMAKE_PREFIX_PATH=${CMAKE_PREFIX_PATH}:/home/rinna/ROS_2/ROSM3/ex01/install/service_full_name:/opt/ros/humble /usr/bin/cmake /home/rinna/ROS_2/ROSM3/ex01/full_name_package -DCMAKE_INSTALL_PREFIX=/home/rinna/ROS_2/ROSM3/ex01/full_name_package/install/full_name_package
[0.127s] -- The C compiler identification is GNU 11.4.0
[0.381s] -- The CXX compiler identification is GNU 11.4.0
[0.538s] -- Detecting C compiler ABI info
[0.648s] -- Detecting C compiler ABI info - done
[0.652s] -- Check for working C compiler: /usr/bin/cc - skipped
[0.653s] -- Detecting C compile features
[0.654s] -- Detecting C compile features - done
[0.657s] -- Detecting CXX compiler ABI info
[0.775s] -- Detecting CXX compiler ABI info - done
[0.780s] -- Check for working CXX compiler: /usr/bin/c++ - skipped
[0.780s] -- Detecting CXX compile features
[0.781s] -- Detecting CXX compile features - done
[0.792s] -- Found ament_cmake: 1.3.12 (/opt/ros/humble/share/ament_cmake/cmake)
[0.931s] -- Found Python3: /usr/bin/python3 (found version "3.10.12") found components: Interpreter 
[1.034s] -- Found rclcpp: 16.0.15 (/opt/ros/humble/share/rclcpp/cmake)
[1.162s] -- Found rosidl_generator_c: 3.1.7 (/opt/ros/humble/share/rosidl_generator_c/cmake)
[1.169s] -- Found rosidl_adapter: 3.1.7 (/opt/ros/humble/share/rosidl_adapter/cmake)
[1.181s] -- Found rosidl_generator_cpp: 3.1.7 (/opt/ros/humble/share/rosidl_generator_cpp/cmake)
[1.198s] -- Using all available rosidl_typesupport_c: rosidl_typesupport_fastrtps_c;rosidl_typesupport_introspection_c
[1.218s] -- Using all available rosidl_typesupport_cpp: rosidl_typesupport_fastrtps_cpp;rosidl_typesupport_introspection_cpp
[1.277s] -- Found rmw_implementation_cmake: 6.1.2 (/opt/ros/humble/share/rmw_implementation_cmake/cmake)
[1.280s] -- Found rmw_fastrtps_cpp: 6.2.8 (/opt/ros/humble/share/rmw_fastrtps_cpp/cmake)
[2.009s] -- Found OpenSSL: /usr/lib/x86_64-linux-gnu/libcrypto.so (found version "3.0.2")  
[2.683s] -- Found FastRTPS: /opt/ros/humble/include  
[3.891s] -- Using RMW implementation 'rmw_fastrtps_cpp' as default
[3.917s] -- Looking for pthread.h
[4.023s] -- Looking for pthread.h - found
[4.023s] -- Performing Test CMAKE_HAVE_LIBC_PTHREAD
[4.127s] -- Performing Test CMAKE_HAVE_LIBC_PTHREAD - Success
[4.128s] -- Found Threads: TRUE  
[4.190s] -- Found geometry_msgs: 4.9.0 (/opt/ros/humble/share/geometry_msgs/cmake)
[4.206s] -- Found rosidl_default_generators: 1.2.0 (/opt/ros/humble/share/rosidl_default_generators/cmake)
[4.451s] -- Found ament_cmake_ros: 0.10.0 (/opt/ros/humble/share/ament_cmake_ros/cmake)
[4.785s] -- Using all available rosidl_typesupport_c: rosidl_typesupport_fastrtps_c;rosidl_typesupport_introspection_c
[4.911s] -- Using all available rosidl_typesupport_cpp: rosidl_typesupport_fastrtps_cpp;rosidl_typesupport_introspection_cpp
[4.975s] -- Found PythonInterp: /usr/bin/python3 (found suitable version "3.10.12", minimum required is "3.6") 
[4.978s] -- Found python_cmake_module: 0.10.0 (/opt/ros/humble/share/python_cmake_module/cmake)
[5.145s] -- Found PythonLibs: /usr/lib/x86_64-linux-gnu/libpython3.10.so (found suitable version "3.10.12", minimum required is "3.5") 
[5.145s] -- Using PYTHON_EXECUTABLE: /usr/bin/python3
[5.145s] -- Using PYTHON_INCLUDE_DIRS: /usr/include/python3.10
[5.145s] -- Using PYTHON_LIBRARIES: /usr/lib/x86_64-linux-gnu/libpython3.10.so
[5.162s] -- Found PythonExtra: .so  
[5.228s] -- Found ament_lint_auto: 0.12.14 (/opt/ros/humble/share/ament_lint_auto/cmake)
[5.268s] -- Added test 'cppcheck' to perform static code analysis on C / C++ code
[5.268s] -- Configured cppcheck include dirs: $<BUILD_INTERFACE:/home/rinna/ROS_2/ROSM3/ex01/full_name_package/build/full_name_package/rosidl_generator_c>;$<BUILD_INTERFACE:/home/rinna/ROS_2/ROSM3/ex01/full_name_package/build/full_name_package/rosidl_typesupport_fastrtps_c>;$<BUILD_INTERFACE:/home/rinna/ROS_2/ROSM3/ex01/full_name_package/build/full_name_package/rosidl_generator_cpp>;$<BUILD_INTERFACE:/home/rinna/ROS_2/ROSM3/ex01/full_name_package/build/full_name_package/rosidl_typesupport_fastrtps_cpp>;$<BUILD_INTERFACE:/home/rinna/ROS_2/ROSM3/ex01/full_name_package/build/full_name_package/rosidl_typesupport_introspection_c>;$<BUILD_INTERFACE:/home/rinna/ROS_2/ROSM3/ex01/full_name_package/build/full_name_package/rosidl_typesupport_introspection_cpp>;/home/rinna/ROS_2/ROSM3/ex01/full_name_package/build/full_name_package/rosidl_generator_c;/home/rinna/ROS_2/ROSM3/ex01/full_name_package/build/full_name_package/rosidl_generator_py
[5.269s] -- Configured cppcheck exclude dirs and/or files: 
[5.270s] -- Added test 'flake8' to check Python code syntax and style conventions
[5.274s] -- Added test 'lint_cmake' to check CMake code style
[5.276s] -- Added test 'pep257' to check Python code against some of the docstring style conventions in PEP 257
[5.287s] -- Added test 'uncrustify' to check C / C++ code style
[5.287s] -- Configured uncrustify additional arguments: 
[5.290s] -- Added test 'xmllint' to check XML markup files
[5.293s] -- Configuring done
[5.363s] -- Generating done
[5.376s] -- Build files have been written to: /home/rinna/ROS_2/ROSM3/ex01/full_name_package/build/full_name_package
[5.390s] Invoked command in '/home/rinna/ROS_2/ROSM3/ex01/full_name_package/build/full_name_package' returned '0': CMAKE_PREFIX_PATH=${CMAKE_PREFIX_PATH}:/home/rinna/ROS_2/ROSM3/ex01/install/service_full_name:/opt/ros/humble /usr/bin/cmake /home/rinna/ROS_2/ROSM3/ex01/full_name_package -DCMAKE_INSTALL_PREFIX=/home/rinna/ROS_2/ROSM3/ex01/full_name_package/install/full_name_package
[5.392s] Invoking command in '/home/rinna/ROS_2/ROSM3/ex01/full_name_package/build/full_name_package': CMAKE_PREFIX_PATH=${CMAKE_PREFIX_PATH}:/home/rinna/ROS_2/ROSM3/ex01/install/service_full_name:/opt/ros/humble /usr/bin/cmake --build /home/rinna/ROS_2/ROSM3/ex01/full_name_package/build/full_name_package -- -j16 -l16
[5.434s] [  2%] [34m[1mGenerating C code for ROS interfaces[0m
[5.444s] [  4%] [34m[1mGenerating C++ code for ROS interfaces[0m
[5.453s] [  4%] Built target ament_cmake_python_copy_full_name_package
[5.636s] running egg_info
[5.636s] creating full_name_package.egg-info
[5.637s] writing full_name_package.egg-info/PKG-INFO
[5.637s] writing dependency_links to full_name_package.egg-info/dependency_links.txt
[5.637s] writing top-level names to full_name_package.egg-info/top_level.txt
[5.637s] writing manifest file 'full_name_package.egg-info/SOURCES.txt'
[5.639s] reading manifest file 'full_name_package.egg-info/SOURCES.txt'
[5.639s] writing manifest file 'full_name_package.egg-info/SOURCES.txt'
[5.677s] [  9%] [32mBuilding C object CMakeFiles/full_name_package__rosidl_generator_c.dir/rosidl_generator_c/full_name_package/srv/detail/summ_full_name__functions.c.o[0m
[5.677s] [  9%] [32mBuilding C object CMakeFiles/full_name_package__rosidl_generator_c.dir/rosidl_generator_c/full_name_package/msg/detail/full_name__functions.c.o[0m
[5.678s] [  9%] Built target ament_cmake_python_build_full_name_package_egg
[5.678s] [  9%] Built target full_name_package__cpp
[5.688s] [ 13%] [34m[1mGenerating C++ type support dispatch for ROS interfaces[0m
[5.688s] [ 16%] [34m[1mGenerating C++ type support for eProsima Fast-RTPS[0m
[5.688s] [ 13%] [34m[1mGenerating C++ introspection for ROS interfaces[0m
[5.731s] [ 18%] [32m[1mLinking C shared library libfull_name_package__rosidl_generator_c.so[0m
[5.804s] [ 18%] Built target full_name_package__rosidl_generator_c
[5.815s] [ 25%] [34m[1mGenerating C type support for eProsima Fast-RTPS[0m
[5.815s] [ 25%] [34m[1mGenerating C type support dispatch for ROS interfaces[0m
[5.815s] [ 25%] [34m[1mGenerating C introspection for ROS interfaces[0m
[5.893s] [ 27%] [32mBuilding CXX object CMakeFiles/full_name_package__rosidl_typesupport_cpp.dir/rosidl_typesupport_cpp/full_name_package/srv/summ_full_name__type_support.cpp.o[0m
[5.893s] [ 30%] [32mBuilding CXX object CMakeFiles/full_name_package__rosidl_typesupport_cpp.dir/rosidl_typesupport_cpp/full_name_package/msg/full_name__type_support.cpp.o[0m
[5.912s] [ 32%] [32mBuilding CXX object CMakeFiles/full_name_package__rosidl_typesupport_introspection_cpp.dir/rosidl_typesupport_introspection_cpp/full_name_package/msg/detail/full_name__type_support.cpp.o[0m
[5.913s] [ 34%] [32mBuilding CXX object CMakeFiles/full_name_package__rosidl_typesupport_introspection_cpp.dir/rosidl_typesupport_introspection_cpp/full_name_package/srv/detail/summ_full_name__type_support.cpp.o[0m
[5.928s] [ 37%] [32mBuilding CXX object CMakeFiles/full_name_package__rosidl_typesupport_fastrtps_cpp.dir/rosidl_typesupport_fastrtps_cpp/full_name_package/srv/detail/dds_fastrtps/summ_full_name__type_support.cpp.o[0m
[5.929s] [ 39%] [32mBuilding CXX object CMakeFiles/full_name_package__rosidl_typesupport_fastrtps_cpp.dir/rosidl_typesupport_fastrtps_cpp/full_name_package/msg/detail/dds_fastrtps/full_name__type_support.cpp.o[0m
[6.075s] [ 41%] [32mBuilding C object CMakeFiles/full_name_package__rosidl_typesupport_introspection_c.dir/rosidl_typesupport_introspection_c/full_name_package/srv/detail/summ_full_name__type_support.c.o[0m
[6.076s] [ 44%] [32mBuilding C object CMakeFiles/full_name_package__rosidl_typesupport_introspection_c.dir/rosidl_typesupport_introspection_c/full_name_package/msg/detail/full_name__type_support.c.o[0m
[6.080s] [ 46%] [32mBuilding CXX object CMakeFiles/full_name_package__rosidl_typesupport_c.dir/rosidl_typesupport_c/full_name_package/msg/full_name__type_support.cpp.o[0m
[6.083s] [ 48%] [32mBuilding CXX object CMakeFiles/full_name_package__rosidl_typesupport_c.dir/rosidl_typesupport_c/full_name_package/srv/summ_full_name__type_support.cpp.o[0m
[6.099s] [ 53%] [32mBuilding CXX object CMakeFiles/full_name_package__rosidl_typesupport_fastrtps_c.dir/rosidl_typesupport_fastrtps_c/full_name_package/msg/detail/full_name__type_support_c.cpp.o[0m
[6.099s] [ 53%] [32mBuilding CXX object CMakeFiles/full_name_package__rosidl_typesupport_fastrtps_c.dir/rosidl_typesupport_fastrtps_c/full_name_package/srv/detail/summ_full_name__type_support_c.cpp.o[0m
[6.131s] [ 55%] [32m[1mLinking C shared library libfull_name_package__rosidl_typesupport_introspection_c.so[0m
[6.133s] [ 58%] [32m[1mLinking CXX shared library libfull_name_package__rosidl_typesupport_c.so[0m
[6.219s] [ 58%] Built target full_name_package__rosidl_typesupport_introspection_c
[6.228s] [ 60%] [32m[1mLinking CXX shared library libfull_name_package__rosidl_typesupport_cpp.so[0m
[6.231s] [ 60%] Built target full_name_package__rosidl_typesupport_c
[6.326s] [ 60%] Built target full_name_package__rosidl_typesupport_cpp
[6.355s] [ 62%] [32mBuilding CXX object CMakeFiles/service_name.dir/src/service_name.cpp.o[0m
[6.358s] [ 65%] [32mBuilding CXX object CMakeFiles/client_name.dir/src/client_name.cpp.o[0m
[6.382s] [ 67%] [32m[1mLinking CXX shared library libfull_name_package__rosidl_typesupport_introspection_cpp.so[0m
[6.401s] [ 69%] [32m[1mLinking CXX shared library libfull_name_package__rosidl_typesupport_fastrtps_cpp.so[0m
[6.496s] [ 69%] Built target full_name_package__rosidl_typesupport_introspection_cpp
[6.511s] [ 72%] [32m[1mLinking CXX shared library libfull_name_package__rosidl_typesupport_fastrtps_c.so[0m
[6.543s] [ 72%] Built target full_name_package__rosidl_typesupport_fastrtps_cpp
[6.639s] [ 72%] Built target full_name_package__rosidl_typesupport_fastrtps_c
[6.663s] [ 72%] Built target full_name_package
[6.688s] [ 74%] [34m[1mGenerating Python code for ROS interfaces[0m
[7.167s] [ 74%] Built target full_name_package__py
[7.190s] [ 79%] [32mBuilding C object CMakeFiles/full_name_package__rosidl_generator_py.dir/rosidl_generator_py/full_name_package/msg/_full_name_s.c.o[0m
[7.191s] [ 79%] [32mBuilding C object CMakeFiles/full_name_package__rosidl_generator_py.dir/rosidl_generator_py/full_name_package/srv/_summ_full_name_s.c.o[0m
[7.287s] [ 81%] [32m[1mLinking C shared library rosidl_generator_py/full_name_package/libfull_name_package__rosidl_generator_py.so[0m
[7.353s] [ 81%] Built target full_name_package__rosidl_generator_py
[7.376s] [ 86%] [32mBuilding C object CMakeFiles/full_name_package__rosidl_typesupport_fastrtps_c__pyext.dir/rosidl_generator_py/full_name_package/_full_name_package_s.ep.rosidl_typesupport_fastrtps_c.c.o[0m
[7.376s] [ 86%] [32mBuilding C object CMakeFiles/full_name_package__rosidl_typesupport_c__pyext.dir/rosidl_generator_py/full_name_package/_full_name_package_s.ep.rosidl_typesupport_c.c.o[0m
[7.376s] [ 88%] [32mBuilding C object CMakeFiles/full_name_package__rosidl_typesupport_introspection_c__pyext.dir/rosidl_generator_py/full_name_package/_full_name_package_s.ep.rosidl_typesupport_introspection_c.c.o[0m
[7.492s] [ 90%] [32m[1mLinking C shared library rosidl_generator_py/full_name_package/full_name_package_s__rosidl_typesupport_introspection_c.cpython-310-x86_64-linux-gnu.so[0m
[7.493s] [ 93%] [32m[1mLinking C shared library rosidl_generator_py/full_name_package/full_name_package_s__rosidl_typesupport_fastrtps_c.cpython-310-x86_64-linux-gnu.so[0m
[7.500s] [ 95%] [32m[1mLinking C shared library rosidl_generator_py/full_name_package/full_name_package_s__rosidl_typesupport_c.cpython-310-x86_64-linux-gnu.so[0m
[7.557s] [ 95%] Built target full_name_package__rosidl_typesupport_fastrtps_c__pyext
[7.557s] [ 95%] Built target full_name_package__rosidl_typesupport_introspection_c__pyext
[7.574s] [ 95%] Built target full_name_package__rosidl_typesupport_c__pyext
[9.797s] [ 97%] [32m[1mLinking CXX executable service_name[0m
[9.947s] [100%] [32m[1mLinking CXX executable client_name[0m
[10.004s] [100%] Built target service_name
[10.113s] [100%] Built target client_name
[10.126s] Invoked command in '/home/rinna/ROS_2/ROSM3/ex01/full_name_package/build/full_name_package' returned '0': CMAKE_PREFIX_PATH=${CMAKE_PREFIX_PATH}:/home/rinna/ROS_2/ROSM3/ex01/install/service_full_name:/opt/ros/humble /usr/bin/cmake --build /home/rinna/ROS_2/ROSM3/ex01/full_name_package/build/full_name_package -- -j16 -l16
[10.139s] Invoking command in '/home/rinna/ROS_2/ROSM3/ex01/full_name_package/build/full_name_package': CMAKE_PREFIX_PATH=${CMAKE_PREFIX_PATH}:/home/rinna/ROS_2/ROSM3/ex01/install/service_full_name:/opt/ros/humble /usr/bin/cmake --install /home/rinna/ROS_2/ROSM3/ex01/full_name_package/build/full_name_package
[10.146s] -- Install configuration: ""
[10.148s] -- Installing: /home/rinna/ROS_2/ROSM3/ex01/full_name_package/install/full_name_package/share/ament_index/resource_index/rosidl_interfaces/full_name_package
[10.148s] -- Installing: /home/rinna/ROS_2/ROSM3/ex01/full_name_package/install/full_name_package/include/full_name_package/full_name_package
[10.150s] -- Installing: /home/rinna/ROS_2/ROSM3/ex01/full_name_package/install/full_name_package/include/full_name_package/full_name_package/srv
[10.150s] -- Installing: /home/rinna/ROS_2/ROSM3/ex01/full_name_package/install/full_name_package/include/full_name_package/full_name_package/srv/summ_full_name.h
[10.150s] -- Installing: /home/rinna/ROS_2/ROSM3/ex01/full_name_package/install/full_name_package/include/full_name_package/full_name_package/srv/detail
[10.150s] -- Installing: /home/rinna/ROS_2/ROSM3/ex01/full_name_package/install/full_name_package/include/full_name_package/full_name_package/srv/detail/summ_full_name__struct.h
[10.151s] -- Installing: /home/rinna/ROS_2/ROSM3/ex01/full_name_package/install/full_name_package/include/full_name_package/full_name_package/srv/detail/summ_full_name__type_support.h
[10.151s] -- Installing: /home/rinna/ROS_2/ROSM3/ex01/full_name_package/install/full_name_package/include/full_name_package/full_name_package/srv/detail/summ_full_name__functions.h
[10.151s] -- Installing: /home/rinna/ROS_2/ROSM3/ex01/full_name_package/install/full_name_package/include/full_name_package/full_name_package/srv/detail/summ_full_name__functions.c
[10.151s] -- Installing: /home/rinna/ROS_2/ROSM3/ex01/full_name_package/install/full_name_package/include/full_name_package/full_name_package/msg
[10.152s] -- Installing: /home/rinna/ROS_2/ROSM3/ex01/full_name_package/install/full_name_package/include/full_name_package/full_name_package/msg/rosidl_generator_c__visibility_control.h
[10.152s] -- Installing: /home/rinna/ROS_2/ROSM3/ex01/full_name_package/install/full_name_package/include/full_name_package/full_name_package/msg/full_name.h
[10.152s] -- Installing: /home/rinna/ROS_2/ROSM3/ex01/full_name_package/install/full_name_package/include/full_name_package/full_name_package/msg/detail
[10.152s] -- Installing: /home/rinna/ROS_2/ROSM3/ex01/full_name_package/install/full_name_package/include/full_name_package/full_name_package/msg/detail/full_name__struct.h
[10.153s] -- Installing: /home/rinna/ROS_2/ROSM3/ex01/full_name_package/install/full_name_package/include/full_name_package/full_name_package/msg/detail/full_name__functions.c
[10.153s] -- Installing: /home/rinna/ROS_2/ROSM3/ex01/full_name_package/install/full_name_package/include/full_name_package/full_name_package/msg/detail/full_name__functions.h
[10.153s] -- Installing: /home/rinna/ROS_2/ROSM3/ex01/full_name_package/install/full_name_package/include/full_name_package/full_name_package/msg/detail/full_name__type_support.h
[10.154s] -- Installing: /home/rinna/ROS_2/ROSM3/ex01/full_name_package/install/full_name_package/share/full_name_package/environment/library_path.sh
[10.154s] -- Installing: /home/rinna/ROS_2/ROSM3/ex01/full_name_package/install/full_name_package/share/full_name_package/environment/library_path.dsv
[10.154s] -- Installing: /home/rinna/ROS_2/ROSM3/ex01/full_name_package/install/full_name_package/lib/libfull_name_package__rosidl_generator_c.so
[10.155s] -- Set runtime path of "/home/rinna/ROS_2/ROSM3/ex01/full_name_package/install/full_name_package/lib/libfull_name_package__rosidl_generator_c.so" to ""
[10.155s] -- Up-to-date: /home/rinna/ROS_2/ROSM3/ex01/full_name_package/install/full_name_package/include/full_name_package/full_name_package
[10.155s] -- Up-to-date: /home/rinna/ROS_2/ROSM3/ex01/full_name_package/install/full_name_package/include/full_name_package/full_name_package/srv
[10.155s] -- Up-to-date: /home/rinna/ROS_2/ROSM3/ex01/full_name_package/install/full_name_package/include/full_name_package/full_name_package/srv/detail
[10.155s] -- Installing: /home/rinna/ROS_2/ROSM3/ex01/full_name_package/install/full_name_package/include/full_name_package/full_name_package/srv/detail/summ_full_name__rosidl_typesupport_fastrtps_c.h
[10.155s] -- Up-to-date: /home/rinna/ROS_2/ROSM3/ex01/full_name_package/install/full_name_package/include/full_name_package/full_name_package/msg
[10.155s] -- Installing: /home/rinna/ROS_2/ROSM3/ex01/full_name_package/install/full_name_package/include/full_name_package/full_name_package/msg/rosidl_typesupport_fastrtps_c__visibility_control.h
[10.156s] -- Up-to-date: /home/rinna/ROS_2/ROSM3/ex01/full_name_package/install/full_name_package/include/full_name_package/full_name_package/msg/detail
[10.156s] -- Installing: /home/rinna/ROS_2/ROSM3/ex01/full_name_package/install/full_name_package/include/full_name_package/full_name_package/msg/detail/full_name__rosidl_typesupport_fastrtps_c.h
[10.156s] -- Installing: /home/rinna/ROS_2/ROSM3/ex01/full_name_package/install/full_name_package/lib/libfull_name_package__rosidl_typesupport_fastrtps_c.so
[10.156s] -- Set runtime path of "/home/rinna/ROS_2/ROSM3/ex01/full_name_package/install/full_name_package/lib/libfull_name_package__rosidl_typesupport_fastrtps_c.so" to ""
[10.156s] -- Up-to-date: /home/rinna/ROS_2/ROSM3/ex01/full_name_package/install/full_name_package/include/full_name_package/full_name_package
[10.156s] -- Up-to-date: /home/rinna/ROS_2/ROSM3/ex01/full_name_package/install/full_name_package/include/full_name_package/full_name_package/srv
[10.157s] -- Installing: /home/rinna/ROS_2/ROSM3/ex01/full_name_package/install/full_name_package/include/full_name_package/full_name_package/srv/summ_full_name.hpp
[10.157s] -- Up-to-date: /home/rinna/ROS_2/ROSM3/ex01/full_name_package/install/full_name_package/include/full_name_package/full_name_package/srv/detail
[10.157s] -- Installing: /home/rinna/ROS_2/ROSM3/ex01/full_name_package/install/full_name_package/include/full_name_package/full_name_package/srv/detail/summ_full_name__traits.hpp
[10.157s] -- Installing: /home/rinna/ROS_2/ROSM3/ex01/full_name_package/install/full_name_package/include/full_name_package/full_name_package/srv/detail/summ_full_name__type_support.hpp
[10.157s] -- Installing: /home/rinna/ROS_2/ROSM3/ex01/full_name_package/install/full_name_package/include/full_name_package/full_name_package/srv/detail/summ_full_name__struct.hpp
[10.157s] -- Installing: /home/rinna/ROS_2/ROSM3/ex01/full_name_package/install/full_name_package/include/full_name_package/full_name_package/srv/detail/summ_full_name__builder.hpp
[10.157s] -- Up-to-date: /home/rinna/ROS_2/ROSM3/ex01/full_name_package/install/full_name_package/include/full_name_package/full_name_package/msg
[10.158s] -- Installing: /home/rinna/ROS_2/ROSM3/ex01/full_name_package/install/full_name_package/include/full_name_package/full_name_package/msg/rosidl_generator_cpp__visibility_control.hpp
[10.158s] -- Installing: /home/rinna/ROS_2/ROSM3/ex01/full_name_package/install/full_name_package/include/full_name_package/full_name_package/msg/full_name.hpp
[10.158s] -- Up-to-date: /home/rinna/ROS_2/ROSM3/ex01/full_name_package/install/full_name_package/include/full_name_package/full_name_package/msg/detail
[10.158s] -- Installing: /home/rinna/ROS_2/ROSM3/ex01/full_name_package/install/full_name_package/include/full_name_package/full_name_package/msg/detail/full_name__traits.hpp
[10.158s] -- Installing: /home/rinna/ROS_2/ROSM3/ex01/full_name_package/install/full_name_package/include/full_name_package/full_name_package/msg/detail/full_name__builder.hpp
[10.158s] -- Installing: /home/rinna/ROS_2/ROSM3/ex01/full_name_package/install/full_name_package/include/full_name_package/full_name_package/msg/detail/full_name__type_support.hpp
[10.158s] -- Installing: /home/rinna/ROS_2/ROSM3/ex01/full_name_package/install/full_name_package/include/full_name_package/full_name_package/msg/detail/full_name__struct.hpp
[10.158s] -- Up-to-date: /home/rinna/ROS_2/ROSM3/ex01/full_name_package/install/full_name_package/include/full_name_package/full_name_package
[10.159s] -- Up-to-date: /home/rinna/ROS_2/ROSM3/ex01/full_name_package/install/full_name_package/include/full_name_package/full_name_package/srv
[10.159s] -- Up-to-date: /home/rinna/ROS_2/ROSM3/ex01/full_name_package/install/full_name_package/include/full_name_package/full_name_package/srv/detail
[10.159s] -- Installing: /home/rinna/ROS_2/ROSM3/ex01/full_name_package/install/full_name_package/include/full_name_package/full_name_package/srv/detail/summ_full_name__rosidl_typesupport_fastrtps_cpp.hpp
[10.159s] -- Installing: /home/rinna/ROS_2/ROSM3/ex01/full_name_package/install/full_name_package/include/full_name_package/full_name_package/srv/detail/dds_fastrtps
[10.159s] -- Up-to-date: /home/rinna/ROS_2/ROSM3/ex01/full_name_package/install/full_name_package/include/full_name_package/full_name_package/msg
[10.159s] -- Installing: /home/rinna/ROS_2/ROSM3/ex01/full_name_package/install/full_name_package/include/full_name_package/full_name_package/msg/rosidl_typesupport_fastrtps_cpp__visibility_control.h
[10.159s] -- Up-to-date: /home/rinna/ROS_2/ROSM3/ex01/full_name_package/install/full_name_package/include/full_name_package/full_name_package/msg/detail
[10.159s] -- Installing: /home/rinna/ROS_2/ROSM3/ex01/full_name_package/install/full_name_package/include/full_name_package/full_name_package/msg/detail/dds_fastrtps
[10.160s] -- Installing: /home/rinna/ROS_2/ROSM3/ex01/full_name_package/install/full_name_package/include/full_name_package/full_name_package/msg/detail/full_name__rosidl_typesupport_fastrtps_cpp.hpp
[10.160s] -- Installing: /home/rinna/ROS_2/ROSM3/ex01/full_name_package/install/full_name_package/lib/libfull_name_package__rosidl_typesupport_fastrtps_cpp.so
[10.161s] -- Set runtime path of "/home/rinna/ROS_2/ROSM3/ex01/full_name_package/install/full_name_package/lib/libfull_name_package__rosidl_typesupport_fastrtps_cpp.so" to ""
[10.161s] -- Up-to-date: /home/rinna/ROS_2/ROSM3/ex01/full_name_package/install/full_name_package/include/full_name_package/full_name_package
[10.161s] -- Up-to-date: /home/rinna/ROS_2/ROSM3/ex01/full_name_package/install/full_name_package/include/full_name_package/full_name_package/srv
[10.161s] -- Up-to-date: /home/rinna/ROS_2/ROSM3/ex01/full_name_package/install/full_name_package/include/full_name_package/full_name_package/srv/detail
[10.161s] -- Installing: /home/rinna/ROS_2/ROSM3/ex01/full_name_package/install/full_name_package/include/full_name_package/full_name_package/srv/detail/summ_full_name__rosidl_typesupport_introspection_c.h
[10.162s] -- Installing: /home/rinna/ROS_2/ROSM3/ex01/full_name_package/install/full_name_package/include/full_name_package/full_name_package/srv/detail/summ_full_name__type_support.c
[10.162s] -- Up-to-date: /home/rinna/ROS_2/ROSM3/ex01/full_name_package/install/full_name_package/include/full_name_package/full_name_package/msg
[10.162s] -- Installing: /home/rinna/ROS_2/ROSM3/ex01/full_name_package/install/full_name_package/include/full_name_package/full_name_package/msg/rosidl_typesupport_introspection_c__visibility_control.h
[10.162s] -- Up-to-date: /home/rinna/ROS_2/ROSM3/ex01/full_name_package/install/full_name_package/include/full_name_package/full_name_package/msg/detail
[10.162s] -- Installing: /home/rinna/ROS_2/ROSM3/ex01/full_name_package/install/full_name_package/include/full_name_package/full_name_package/msg/detail/full_name__type_support.c
[10.162s] -- Installing: /home/rinna/ROS_2/ROSM3/ex01/full_name_package/install/full_name_package/include/full_name_package/full_name_package/msg/detail/full_name__rosidl_typesupport_introspection_c.h
[10.162s] -- Installing: /home/rinna/ROS_2/ROSM3/ex01/full_name_package/install/full_name_package/lib/libfull_name_package__rosidl_typesupport_introspection_c.so
[10.162s] -- Set runtime path of "/home/rinna/ROS_2/ROSM3/ex01/full_name_package/install/full_name_package/lib/libfull_name_package__rosidl_typesupport_introspection_c.so" to ""
[10.162s] -- Installing: /home/rinna/ROS_2/ROSM3/ex01/full_name_package/install/full_name_package/lib/libfull_name_package__rosidl_typesupport_c.so
[10.163s] -- Set runtime path of "/home/rinna/ROS_2/ROSM3/ex01/full_name_package/install/full_name_package/lib/libfull_name_package__rosidl_typesupport_c.so" to ""
[10.163s] -- Up-to-date: /home/rinna/ROS_2/ROSM3/ex01/full_name_package/install/full_name_package/include/full_name_package/full_name_package
[10.163s] -- Up-to-date: /home/rinna/ROS_2/ROSM3/ex01/full_name_package/install/full_name_package/include/full_name_package/full_name_package/srv
[10.163s] -- Up-to-date: /home/rinna/ROS_2/ROSM3/ex01/full_name_package/install/full_name_package/include/full_name_package/full_name_package/srv/detail
[10.163s] -- Installing: /home/rinna/ROS_2/ROSM3/ex01/full_name_package/install/full_name_package/include/full_name_package/full_name_package/srv/detail/summ_full_name__rosidl_typesupport_introspection_cpp.hpp
[10.163s] -- Installing: /home/rinna/ROS_2/ROSM3/ex01/full_name_package/install/full_name_package/include/full_name_package/full_name_package/srv/detail/summ_full_name__type_support.cpp
[10.163s] -- Up-to-date: /home/rinna/ROS_2/ROSM3/ex01/full_name_package/install/full_name_package/include/full_name_package/full_name_package/msg
[10.164s] -- Up-to-date: /home/rinna/ROS_2/ROSM3/ex01/full_name_package/install/full_name_package/include/full_name_package/full_name_package/msg/detail
[10.164s] -- Installing: /home/rinna/ROS_2/ROSM3/ex01/full_name_package/install/full_name_package/include/full_name_package/full_name_package/msg/detail/full_name__rosidl_typesupport_introspection_cpp.hpp
[10.164s] -- Installing: /home/rinna/ROS_2/ROSM3/ex01/full_name_package/install/full_name_package/include/full_name_package/full_name_package/msg/detail/full_name__type_support.cpp
[10.164s] -- Installing: /home/rinna/ROS_2/ROSM3/ex01/full_name_package/install/full_name_package/lib/libfull_name_package__rosidl_typesupport_introspection_cpp.so
[10.165s] -- Set runtime path of "/home/rinna/ROS_2/ROSM3/ex01/full_name_package/install/full_name_package/lib/libfull_name_package__rosidl_typesupport_introspection_cpp.so" to ""
[10.165s] -- Installing: /home/rinna/ROS_2/ROSM3/ex01/full_name_package/install/full_name_package/lib/libfull_name_package__rosidl_typesupport_cpp.so
[10.165s] -- Set runtime path of "/home/rinna/ROS_2/ROSM3/ex01/full_name_package/install/full_name_package/lib/libfull_name_package__rosidl_typesupport_cpp.so" to ""
[10.165s] -- Installing: /home/rinna/ROS_2/ROSM3/ex01/full_name_package/install/full_name_package/share/full_name_package/environment/pythonpath.sh
[10.165s] -- Installing: /home/rinna/ROS_2/ROSM3/ex01/full_name_package/install/full_name_package/share/full_name_package/environment/pythonpath.dsv
[10.165s] -- Installing: /home/rinna/ROS_2/ROSM3/ex01/full_name_package/install/full_name_package/local/lib/python3.10/dist-packages/full_name_package-0.0.0-py3.10.egg-info
[10.167s] -- Installing: /home/rinna/ROS_2/ROSM3/ex01/full_name_package/install/full_name_package/local/lib/python3.10/dist-packages/full_name_package-0.0.0-py3.10.egg-info/top_level.txt
[10.168s] -- Installing: /home/rinna/ROS_2/ROSM3/ex01/full_name_package/install/full_name_package/local/lib/python3.10/dist-packages/full_name_package-0.0.0-py3.10.egg-info/SOURCES.txt
[10.168s] -- Installing: /home/rinna/ROS_2/ROSM3/ex01/full_name_package/install/full_name_package/local/lib/python3.10/dist-packages/full_name_package-0.0.0-py3.10.egg-info/dependency_links.txt
[10.168s] -- Installing: /home/rinna/ROS_2/ROSM3/ex01/full_name_package/install/full_name_package/local/lib/python3.10/dist-packages/full_name_package-0.0.0-py3.10.egg-info/PKG-INFO
[10.168s] -- Installing: /home/rinna/ROS_2/ROSM3/ex01/full_name_package/install/full_name_package/local/lib/python3.10/dist-packages/full_name_package
[10.168s] -- Installing: /home/rinna/ROS_2/ROSM3/ex01/full_name_package/install/full_name_package/local/lib/python3.10/dist-packages/full_name_package/_full_name_package_s.ep.rosidl_typesupport_c.c
[10.168s] -- Installing: /home/rinna/ROS_2/ROSM3/ex01/full_name_package/install/full_name_package/local/lib/python3.10/dist-packages/full_name_package/__init__.py
[10.169s] -- Installing: /home/rinna/ROS_2/ROSM3/ex01/full_name_package/install/full_name_package/local/lib/python3.10/dist-packages/full_name_package/srv
[10.169s] -- Installing: /home/rinna/ROS_2/ROSM3/ex01/full_name_package/install/full_name_package/local/lib/python3.10/dist-packages/full_name_package/srv/__init__.py
[10.169s] -- Installing: /home/rinna/ROS_2/ROSM3/ex01/full_name_package/install/full_name_package/local/lib/python3.10/dist-packages/full_name_package/srv/_summ_full_name_s.c
[10.169s] -- Installing: /home/rinna/ROS_2/ROSM3/ex01/full_name_package/install/full_name_package/local/lib/python3.10/dist-packages/full_name_package/srv/_summ_full_name.py
[10.170s] -- Installing: /home/rinna/ROS_2/ROSM3/ex01/full_name_package/install/full_name_package/local/lib/python3.10/dist-packages/full_name_package/_full_name_package_s.ep.rosidl_typesupport_fastrtps_c.c
[10.170s] -- Installing: /home/rinna/ROS_2/ROSM3/ex01/full_name_package/install/full_name_package/local/lib/python3.10/dist-packages/full_name_package/full_name_package_s__rosidl_typesupport_fastrtps_c.cpython-310-x86_64-linux-gnu.so
[10.170s] -- Installing: /home/rinna/ROS_2/ROSM3/ex01/full_name_package/install/full_name_package/local/lib/python3.10/dist-packages/full_name_package/_full_name_package_s.ep.rosidl_typesupport_introspection_c.c
[10.170s] -- Installing: /home/rinna/ROS_2/ROSM3/ex01/full_name_package/install/full_name_package/local/lib/python3.10/dist-packages/full_name_package/full_name_package_s__rosidl_typesupport_introspection_c.cpython-310-x86_64-linux-gnu.so
[10.170s] -- Installing: /home/rinna/ROS_2/ROSM3/ex01/full_name_package/install/full_name_package/local/lib/python3.10/dist-packages/full_name_package/libfull_name_package__rosidl_generator_py.so
[10.170s] -- Installing: /home/rinna/ROS_2/ROSM3/ex01/full_name_package/install/full_name_package/local/lib/python3.10/dist-packages/full_name_package/full_name_package_s__rosidl_typesupport_c.cpython-310-x86_64-linux-gnu.so
[10.170s] -- Installing: /home/rinna/ROS_2/ROSM3/ex01/full_name_package/install/full_name_package/local/lib/python3.10/dist-packages/full_name_package/msg
[10.171s] -- Installing: /home/rinna/ROS_2/ROSM3/ex01/full_name_package/install/full_name_package/local/lib/python3.10/dist-packages/full_name_package/msg/__init__.py
[10.171s] -- Installing: /home/rinna/ROS_2/ROSM3/ex01/full_name_package/install/full_name_package/local/lib/python3.10/dist-packages/full_name_package/msg/_full_name_s.c
[10.171s] -- Installing: /home/rinna/ROS_2/ROSM3/ex01/full_name_package/install/full_name_package/local/lib/python3.10/dist-packages/full_name_package/msg/_full_name.py
[10.203s] Listing '/home/rinna/ROS_2/ROSM3/ex01/full_name_package/install/full_name_package/local/lib/python3.10/dist-packages/full_name_package'...
[10.203s] Compiling '/home/rinna/ROS_2/ROSM3/ex01/full_name_package/install/full_name_package/local/lib/python3.10/dist-packages/full_name_package/__init__.py'...
[10.203s] Listing '/home/rinna/ROS_2/ROSM3/ex01/full_name_package/install/full_name_package/local/lib/python3.10/dist-packages/full_name_package/msg'...
[10.203s] Compiling '/home/rinna/ROS_2/ROSM3/ex01/full_name_package/install/full_name_package/local/lib/python3.10/dist-packages/full_name_package/msg/__init__.py'...
[10.203s] Compiling '/home/rinna/ROS_2/ROSM3/ex01/full_name_package/install/full_name_package/local/lib/python3.10/dist-packages/full_name_package/msg/_full_name.py'...
[10.203s] Listing '/home/rinna/ROS_2/ROSM3/ex01/full_name_package/install/full_name_package/local/lib/python3.10/dist-packages/full_name_package/srv'...
[10.203s] Compiling '/home/rinna/ROS_2/ROSM3/ex01/full_name_package/install/full_name_package/local/lib/python3.10/dist-packages/full_name_package/srv/__init__.py'...
[10.203s] Compiling '/home/rinna/ROS_2/ROSM3/ex01/full_name_package/install/full_name_package/local/lib/python3.10/dist-packages/full_name_package/srv/_summ_full_name.py'...
[10.207s] -- Installing: /home/rinna/ROS_2/ROSM3/ex01/full_name_package/install/full_name_package/local/lib/python3.10/dist-packages/full_name_package/full_name_package_s__rosidl_typesupport_fastrtps_c.cpython-310-x86_64-linux-gnu.so
[10.207s] -- Set runtime path of "/home/rinna/ROS_2/ROSM3/ex01/full_name_package/install/full_name_package/local/lib/python3.10/dist-packages/full_name_package/full_name_package_s__rosidl_typesupport_fastrtps_c.cpython-310-x86_64-linux-gnu.so" to ""
[10.207s] -- Installing: /home/rinna/ROS_2/ROSM3/ex01/full_name_package/install/full_name_package/local/lib/python3.10/dist-packages/full_name_package/full_name_package_s__rosidl_typesupport_introspection_c.cpython-310-x86_64-linux-gnu.so
[10.208s] -- Set runtime path of "/home/rinna/ROS_2/ROSM3/ex01/full_name_package/install/full_name_package/local/lib/python3.10/dist-packages/full_name_package/full_name_package_s__rosidl_typesupport_introspection_c.cpython-310-x86_64-linux-gnu.so" to ""
[10.208s] -- Installing: /home/rinna/ROS_2/ROSM3/ex01/full_name_package/install/full_name_package/local/lib/python3.10/dist-packages/full_name_package/full_name_package_s__rosidl_typesupport_c.cpython-310-x86_64-linux-gnu.so
[10.208s] -- Set runtime path of "/home/rinna/ROS_2/ROSM3/ex01/full_name_package/install/full_name_package/local/lib/python3.10/dist-packages/full_name_package/full_name_package_s__rosidl_typesupport_c.cpython-310-x86_64-linux-gnu.so" to ""
[10.209s] -- Installing: /home/rinna/ROS_2/ROSM3/ex01/full_name_package/install/full_name_package/lib/libfull_name_package__rosidl_generator_py.so
[10.209s] -- Set runtime path of "/home/rinna/ROS_2/ROSM3/ex01/full_name_package/install/full_name_package/lib/libfull_name_package__rosidl_generator_py.so" to ""
[10.209s] -- Installing: /home/rinna/ROS_2/ROSM3/ex01/full_name_package/install/full_name_package/share/full_name_package/msg/FullName.idl
[10.210s] -- Installing: /home/rinna/ROS_2/ROSM3/ex01/full_name_package/install/full_name_package/share/full_name_package/srv/SummFullName.idl
[10.210s] -- Installing: /home/rinna/ROS_2/ROSM3/ex01/full_name_package/install/full_name_package/share/full_name_package/msg/FullName.msg
[10.210s] -- Installing: /home/rinna/ROS_2/ROSM3/ex01/full_name_package/install/full_name_package/share/full_name_package/srv/SummFullName.srv
[10.211s] -- Installing: /home/rinna/ROS_2/ROSM3/ex01/full_name_package/install/full_name_package/share/full_name_package/srv/SummFullName_Request.msg
[10.211s] -- Installing: /home/rinna/ROS_2/ROSM3/ex01/full_name_package/install/full_name_package/share/full_name_package/srv/SummFullName_Response.msg
[10.211s] -- Installing: /home/rinna/ROS_2/ROSM3/ex01/full_name_package/install/full_name_package/lib/full_name_package/service_name
[10.212s] -- Set runtime path of "/home/rinna/ROS_2/ROSM3/ex01/full_name_package/install/full_name_package/lib/full_name_package/service_name" to ""
[10.212s] -- Installing: /home/rinna/ROS_2/ROSM3/ex01/full_name_package/install/full_name_package/lib/full_name_package/client_name
[10.213s] -- Set runtime path of "/home/rinna/ROS_2/ROSM3/ex01/full_name_package/install/full_name_package/lib/full_name_package/client_name" to ""
[10.214s] -- Installing: /home/rinna/ROS_2/ROSM3/ex01/full_name_package/install/full_name_package/share/ament_index/resource_index/package_run_dependencies/full_name_package
[10.214s] -- Installing: /home/rinna/ROS_2/ROSM3/ex01/full_name_package/install/full_name_package/share/ament_index/resource_index/parent_prefix_path/full_name_package
[10.215s] -- Installing: /home/rinna/ROS_2/ROSM3/ex01/full_name_package/install/full_name_package/share/full_name_package/environment/ament_prefix_path.sh
[10.215s] -- Installing: /home/rinna/ROS_2/ROSM3/ex01/full_name_package/install/full_name_package/share/full_name_package/environment/ament_prefix_path.dsv
[10.215s] -- Installing: /home/rinna/ROS_2/ROSM3/ex01/full_name_package/install/full_name_package/share/full_name_package/environment/path.sh
[10.215s] -- Installing: /home/rinna/ROS_2/ROSM3/ex01/full_name_package/install/full_name_package/share/full_name_package/environment/path.dsv
[10.215s] -- Installing: /home/rinna/ROS_2/ROSM3/ex01/full_name_package/install/full_name_package/share/full_name_package/local_setup.bash
[10.215s] -- Installing: /home/rinna/ROS_2/ROSM3/ex01/full_name_package/install/full_name_package/share/full_name_package/local_setup.sh
[10.216s] -- Installing: /home/rinna/ROS_2/ROSM3/ex01/full_name_package/install/full_name_package/share/full_name_package/local_setup.zsh
[10.216s] -- Installing: /home/rinna/ROS_2/ROSM3/ex01/full_name_package/install/full_name_package/share/full_name_package/local_setup.dsv
[10.216s] -- Installing: /home/rinna/ROS_2/ROSM3/ex01/full_name_package/install/full_name_package/share/full_name_package/package.dsv
[10.216s] -- Installing: /home/rinna/ROS_2/ROSM3/ex01/full_name_package/install/full_name_package/share/ament_index/resource_index/packages/full_name_package
[10.217s] -- Installing: /home/rinna/ROS_2/ROSM3/ex01/full_name_package/install/full_name_package/share/full_name_package/cmake/export_full_name_package__rosidl_generator_cExport.cmake
[10.217s] -- Installing: /home/rinna/ROS_2/ROSM3/ex01/full_name_package/install/full_name_package/share/full_name_package/cmake/export_full_name_package__rosidl_generator_cExport-noconfig.cmake
[10.217s] -- Installing: /home/rinna/ROS_2/ROSM3/ex01/full_name_package/install/full_name_package/share/full_name_package/cmake/export_full_name_package__rosidl_typesupport_fastrtps_cExport.cmake
[10.218s] -- Installing: /home/rinna/ROS_2/ROSM3/ex01/full_name_package/install/full_name_package/share/full_name_package/cmake/export_full_name_package__rosidl_typesupport_fastrtps_cExport-noconfig.cmake
[10.218s] -- Installing: /home/rinna/ROS_2/ROSM3/ex01/full_name_package/install/full_name_package/share/full_name_package/cmake/export_full_name_package__rosidl_generator_cppExport.cmake
[10.218s] -- Installing: /home/rinna/ROS_2/ROSM3/ex01/full_name_package/install/full_name_package/share/full_name_package/cmake/export_full_name_package__rosidl_typesupport_fastrtps_cppExport.cmake
[10.218s] -- Installing: /home/rinna/ROS_2/ROSM3/ex01/full_name_package/install/full_name_package/share/full_name_package/cmake/export_full_name_package__rosidl_typesupport_fastrtps_cppExport-noconfig.cmake
[10.218s] -- Installing: /home/rinna/ROS_2/ROSM3/ex01/full_name_package/install/full_name_package/share/full_name_package/cmake/full_name_package__rosidl_typesupport_introspection_cExport.cmake
[10.219s] -- Installing: /home/rinna/ROS_2/ROSM3/ex01/full_name_package/install/full_name_package/share/full_name_package/cmake/full_name_package__rosidl_typesupport_introspection_cExport-noconfig.cmake
[10.219s] -- Installing: /home/rinna/ROS_2/ROSM3/ex01/full_name_package/install/full_name_package/share/full_name_package/cmake/full_name_package__rosidl_typesupport_cExport.cmake
[10.219s] -- Installing: /home/rinna/ROS_2/ROSM3/ex01/full_name_package/install/full_name_package/share/full_name_package/cmake/full_name_package__rosidl_typesupport_cExport-noconfig.cmake
[10.219s] -- Installing: /home/rinna/ROS_2/ROSM3/ex01/full_name_package/install/full_name_package/share/full_name_package/cmake/full_name_package__rosidl_typesupport_introspection_cppExport.cmake
[10.219s] -- Installing: /home/rinna/ROS_2/ROSM3/ex01/full_name_package/install/full_name_package/share/full_name_package/cmake/full_name_package__rosidl_typesupport_introspection_cppExport-noconfig.cmake
[10.220s] -- Installing: /home/rinna/ROS_2/ROSM3/ex01/full_name_package/install/full_name_package/share/full_name_package/cmake/full_name_package__rosidl_typesupport_cppExport.cmake
[10.220s] -- Installing: /home/rinna/ROS_2/ROSM3/ex01/full_name_package/install/full_name_package/share/full_name_package/cmake/full_name_package__rosidl_typesupport_cppExport-noconfig.cmake
[10.220s] -- Installing: /home/rinna/ROS_2/ROSM3/ex01/full_name_package/install/full_name_package/share/full_name_package/cmake/export_full_name_package__rosidl_generator_pyExport.cmake
[10.220s] -- Installing: /home/rinna/ROS_2/ROSM3/ex01/full_name_package/install/full_name_package/share/full_name_package/cmake/export_full_name_package__rosidl_generator_pyExport-noconfig.cmake
[10.220s] -- Installing: /home/rinna/ROS_2/ROSM3/ex01/full_name_package/install/full_name_package/share/full_name_package/cmake/rosidl_cmake-extras.cmake
[10.221s] -- Installing: /home/rinna/ROS_2/ROSM3/ex01/full_name_package/install/full_name_package/share/full_name_package/cmake/ament_cmake_export_dependencies-extras.cmake
[10.221s] -- Installing: /home/rinna/ROS_2/ROSM3/ex01/full_name_package/install/full_name_package/share/full_name_package/cmake/ament_cmake_export_include_directories-extras.cmake
[10.221s] -- Installing: /home/rinna/ROS_2/ROSM3/ex01/full_name_package/install/full_name_package/share/full_name_package/cmake/ament_cmake_export_libraries-extras.cmake
[10.221s] -- Installing: /home/rinna/ROS_2/ROSM3/ex01/full_name_package/install/full_name_package/share/full_name_package/cmake/ament_cmake_export_targets-extras.cmake
[10.221s] -- Installing: /home/rinna/ROS_2/ROSM3/ex01/full_name_package/install/full_name_package/share/full_name_package/cmake/rosidl_cmake_export_typesupport_targets-extras.cmake
[10.222s] -- Installing: /home/rinna/ROS_2/ROSM3/ex01/full_name_package/install/full_name_package/share/full_name_package/cmake/rosidl_cmake_export_typesupport_libraries-extras.cmake
[10.222s] -- Installing: /home/rinna/ROS_2/ROSM3/ex01/full_name_package/install/full_name_package/share/full_name_package/cmake/full_name_packageConfig.cmake
[10.222s] -- Installing: /home/rinna/ROS_2/ROSM3/ex01/full_name_package/install/full_name_package/share/full_name_package/cmake/full_name_packageConfig-version.cmake
[10.222s] -- Installing: /home/rinna/ROS_2/ROSM3/ex01/full_name_package/install/full_name_package/share/full_name_package/package.xml
[10.225s] Invoked command in '/home/rinna/ROS_2/ROSM3/ex01/full_name_package/build/full_name_package' returned '0': CMAKE_PREFIX_PATH=${CMAKE_PREFIX_PATH}:/home/rinna/ROS_2/ROSM3/ex01/install/service_full_name:/opt/ros/humble /usr/bin/cmake --install /home/rinna/ROS_2/ROSM3/ex01/full_name_package/build/full_name_package
