[0.017s] Invoking command in '/home/rinna/ROS_2/ROSM5/ex01/sam_bot_description/build/sam_bot_description': CMAKE_PREFIX_PATH=/opt/ros/humble /usr/bin/cmake /home/rinna/ROS_2/ROSM5/ex01/sam_bot_description -DCMAKE_INSTALL_PREFIX=/home/rinna/ROS_2/ROSM5/ex01/sam_bot_description/install/sam_bot_description
[0.263s] -- The C compiler identification is GNU 11.4.0
[0.536s] -- The CXX compiler identification is GNU 11.4.0
[0.673s] -- Detecting C compiler ABI info
[0.784s] -- Detecting C compiler ABI info - done
[0.789s] -- Check for working C compiler: /usr/bin/cc - skipped
[0.790s] -- Detecting C compile features
[0.791s] -- Detecting C compile features - done
[0.794s] -- Detecting CXX compiler ABI info
[0.906s] -- Detecting CXX compiler ABI info - done
[0.912s] -- Check for working CXX compiler: /usr/bin/c++ - skipped
[0.912s] -- Detecting CXX compile features
[0.912s] -- Detecting CXX compile features - done
[0.929s] -- Found ament_cmake: 1.3.12 (/opt/ros/humble/share/ament_cmake/cmake)
[1.062s] -- Found Python3: /usr/bin/python3 (found version "3.10.12") found components: Interpreter 
[1.166s] -- Found ament_lint_auto: 0.12.14 (/opt/ros/humble/share/ament_lint_auto/cmake)
[1.253s] -- Added test 'cppcheck' to perform static code analysis on C / C++ code
[1.253s] -- Configured cppcheck include dirs: 
[1.253s] -- Configured cppcheck exclude dirs and/or files: 
[1.257s] -- Added test 'lint_cmake' to check CMake code style
[1.267s] -- Added test 'uncrustify' to check C / C++ code style
[1.267s] -- Configured uncrustify additional arguments: 
[1.269s] -- Added test 'xmllint' to check XML markup files
[1.273s] -- Configuring done
[1.280s] -- Generating done
[1.282s] -- Build files have been written to: /home/rinna/ROS_2/ROSM5/ex01/sam_bot_description/build/sam_bot_description
[1.287s] Invoked command in '/home/rinna/ROS_2/ROSM5/ex01/sam_bot_description/build/sam_bot_description' returned '0': CMAKE_PREFIX_PATH=/opt/ros/humble /usr/bin/cmake /home/rinna/ROS_2/ROSM5/ex01/sam_bot_description -DCMAKE_INSTALL_PREFIX=/home/rinna/ROS_2/ROSM5/ex01/sam_bot_description/install/sam_bot_description
[1.289s] Invoking command in '/home/rinna/ROS_2/ROSM5/ex01/sam_bot_description/build/sam_bot_description': CMAKE_PREFIX_PATH=/opt/ros/humble /usr/bin/cmake --build /home/rinna/ROS_2/ROSM5/ex01/sam_bot_description/build/sam_bot_description -- -j16 -l16
[1.332s] Invoked command in '/home/rinna/ROS_2/ROSM5/ex01/sam_bot_description/build/sam_bot_description' returned '0': CMAKE_PREFIX_PATH=/opt/ros/humble /usr/bin/cmake --build /home/rinna/ROS_2/ROSM5/ex01/sam_bot_description/build/sam_bot_description -- -j16 -l16
[1.344s] Invoking command in '/home/rinna/ROS_2/ROSM5/ex01/sam_bot_description/build/sam_bot_description': CMAKE_PREFIX_PATH=/opt/ros/humble /usr/bin/cmake --install /home/rinna/ROS_2/ROSM5/ex01/sam_bot_description/build/sam_bot_description
[1.352s] -- Install configuration: ""
[1.354s] -- Installing: /home/rinna/ROS_2/ROSM5/ex01/sam_bot_description/install/sam_bot_description/share/ament_index/resource_index/package_run_dependencies/sam_bot_description
[1.354s] -- Installing: /home/rinna/ROS_2/ROSM5/ex01/sam_bot_description/install/sam_bot_description/share/ament_index/resource_index/parent_prefix_path/sam_bot_description
[1.355s] -- Installing: /home/rinna/ROS_2/ROSM5/ex01/sam_bot_description/install/sam_bot_description/share/sam_bot_description/environment/ament_prefix_path.sh
[1.355s] -- Installing: /home/rinna/ROS_2/ROSM5/ex01/sam_bot_description/install/sam_bot_description/share/sam_bot_description/environment/ament_prefix_path.dsv
[1.355s] -- Installing: /home/rinna/ROS_2/ROSM5/ex01/sam_bot_description/install/sam_bot_description/share/sam_bot_description/environment/path.sh
[1.356s] -- Installing: /home/rinna/ROS_2/ROSM5/ex01/sam_bot_description/install/sam_bot_description/share/sam_bot_description/environment/path.dsv
[1.356s] -- Installing: /home/rinna/ROS_2/ROSM5/ex01/sam_bot_description/install/sam_bot_description/share/sam_bot_description/local_setup.bash
[1.356s] -- Installing: /home/rinna/ROS_2/ROSM5/ex01/sam_bot_description/install/sam_bot_description/share/sam_bot_description/local_setup.sh
[1.356s] -- Installing: /home/rinna/ROS_2/ROSM5/ex01/sam_bot_description/install/sam_bot_description/share/sam_bot_description/local_setup.zsh
[1.356s] -- Installing: /home/rinna/ROS_2/ROSM5/ex01/sam_bot_description/install/sam_bot_description/share/sam_bot_description/local_setup.dsv
[1.356s] -- Installing: /home/rinna/ROS_2/ROSM5/ex01/sam_bot_description/install/sam_bot_description/share/sam_bot_description/package.dsv
[1.357s] -- Installing: /home/rinna/ROS_2/ROSM5/ex01/sam_bot_description/install/sam_bot_description/share/ament_index/resource_index/packages/sam_bot_description
[1.357s] -- Installing: /home/rinna/ROS_2/ROSM5/ex01/sam_bot_description/install/sam_bot_description/share/sam_bot_description/cmake/sam_bot_descriptionConfig.cmake
[1.357s] -- Installing: /home/rinna/ROS_2/ROSM5/ex01/sam_bot_description/install/sam_bot_description/share/sam_bot_description/cmake/sam_bot_descriptionConfig-version.cmake
[1.358s] -- Installing: /home/rinna/ROS_2/ROSM5/ex01/sam_bot_description/install/sam_bot_description/share/sam_bot_description/package.xml
[1.360s] Invoked command in '/home/rinna/ROS_2/ROSM5/ex01/sam_bot_description/build/sam_bot_description' returned '0': CMAKE_PREFIX_PATH=/opt/ros/humble /usr/bin/cmake --install /home/rinna/ROS_2/ROSM5/ex01/sam_bot_description/build/sam_bot_description
