[0.208s] DEBUG:colcon:Command line arguments: ['/usr/bin/colcon', 'build', '--packages-select', 'full_name_package']
[0.208s] DEBUG:colcon:Parsed command line arguments: Namespace(log_base=None, log_level=None, verb_name='build', build_base='build', install_base='install', merge_install=False, symlink_install=False, test_result_base=None, continue_on_error=False, executor='parallel', parallel_workers=16, event_handlers=None, ignore_user_meta=False, metas=['./colcon.meta'], base_paths=['.'], packages_ignore=None, packages_ignore_regex=None, paths=None, packages_up_to=None, packages_up_to_regex=None, packages_above=None, packages_above_and_dependencies=None, packages_above_depth=None, packages_select_by_dep=None, packages_skip_by_dep=None, packages_skip_up_to=None, packages_select_build_failed=False, packages_skip_build_finished=False, packages_select_test_failures=False, packages_skip_test_passed=False, packages_select=['full_name_package'], packages_skip=None, packages_select_regex=None, packages_skip_regex=None, packages_start=None, packages_end=None, allow_overriding=[], cmake_args=None, cmake_target=None, cmake_target_skip_unavailable=False, cmake_clean_cache=False, cmake_clean_first=False, cmake_force_configure=False, ament_cmake_args=None, catkin_cmake_args=None, catkin_skip_building_tests=False, mixin_files=None, mixin=None, verb_parser=<colcon_mixin.mixin.mixin_argument.MixinArgumentDecorator object at 0x773dfb53d870>, verb_extension=<colcon_core.verb.build.BuildVerb object at 0x773dfb6bb250>, main=<bound method BuildVerb.main of <colcon_core.verb.build.BuildVerb object at 0x773dfb6bb250>>, mixin_verb=('build',))
[0.506s] Level 1:colcon.colcon_core.package_discovery:discover_packages(colcon_meta) check parameters
[0.506s] Level 1:colcon.colcon_core.package_discovery:discover_packages(recursive) check parameters
[0.506s] Level 1:colcon.colcon_core.package_discovery:discover_packages(ignore) check parameters
[0.506s] Level 1:colcon.colcon_core.package_discovery:discover_packages(path) check parameters
[0.506s] Level 1:colcon.colcon_core.package_discovery:discover_packages(colcon_meta) discover
[0.506s] Level 1:colcon.colcon_core.package_discovery:discover_packages(recursive) discover
[0.506s] INFO:colcon.colcon_core.package_discovery:Crawling recursively for packages in '/home/rinna/ROS_2/ROSM3/ex01/full_name_package'
[0.506s] Level 1:colcon.colcon_core.package_identification:_identify(.) by extensions ['ignore', 'ignore_ament_install']
[0.506s] Level 1:colcon.colcon_core.package_identification:_identify(.) by extension 'ignore'
[0.506s] Level 1:colcon.colcon_core.package_identification:_identify(.) by extension 'ignore_ament_install'
[0.506s] Level 1:colcon.colcon_core.package_identification:_identify(.) by extensions ['colcon_pkg']
[0.506s] Level 1:colcon.colcon_core.package_identification:_identify(.) by extension 'colcon_pkg'
[0.506s] Level 1:colcon.colcon_core.package_identification:_identify(.) by extensions ['colcon_meta']
[0.506s] Level 1:colcon.colcon_core.package_identification:_identify(.) by extension 'colcon_meta'
[0.507s] Level 1:colcon.colcon_core.package_identification:_identify(.) by extensions ['ros']
[0.507s] Level 1:colcon.colcon_core.package_identification:_identify(.) by extension 'ros'
[0.521s] DEBUG:colcon.colcon_core.package_identification:Package '.' with type 'ros.ament_cmake' and name 'full_name_package'
[0.521s] Level 1:colcon.colcon_core.package_discovery:discover_packages(recursive) using defaults
[0.522s] Level 1:colcon.colcon_core.package_discovery:discover_packages(ignore) discover
[0.522s] Level 1:colcon.colcon_core.package_discovery:discover_packages(ignore) using defaults
[0.522s] Level 1:colcon.colcon_core.package_discovery:discover_packages(path) discover
[0.522s] Level 1:colcon.colcon_core.package_discovery:discover_packages(path) using defaults
[0.559s] Level 1:colcon.colcon_core.package_discovery:discover_packages(prefix_path) check parameters
[0.559s] Level 1:colcon.colcon_core.package_discovery:discover_packages(prefix_path) discover
[0.561s] WARNING:colcon.colcon_core.prefix_path.colcon:The path '/home/rinna/ROS_2/ROSM3/ex01/install' in the environment variable COLCON_PREFIX_PATH doesn't exist
[0.562s] WARNING:colcon.colcon_ros.prefix_path.ament:The path '/home/rinna/ROS_2/ROSM3/ex01/install/full_name_package' in the environment variable AMENT_PREFIX_PATH doesn't exist
[0.562s] WARNING:colcon.colcon_ros.prefix_path.ament:The path '/home/rinna/ROS_2/ROSM3/ex01/install/service_full_name' in the environment variable AMENT_PREFIX_PATH doesn't exist
[0.562s] WARNING:colcon.colcon_ros.prefix_path.catkin:The path '/home/rinna/ROS_2/ROSM3/ex01/install/full_name_package' in the environment variable CMAKE_PREFIX_PATH doesn't exist
[0.563s] DEBUG:colcon.colcon_installed_package_information.package_discovery:Found 1 installed packages in /home/rinna/ROS_2/ROSM3/ex01/full_name_package/install
[0.564s] DEBUG:colcon.colcon_installed_package_information.package_discovery:Found 271 installed packages in /opt/ros/humble
[0.565s] Level 1:colcon.colcon_core.package_discovery:discover_packages(prefix_path) using defaults
[0.594s] Level 5:colcon.colcon_core.verb:set package 'full_name_package' build argument 'cmake_args' from command line to 'None'
[0.594s] Level 5:colcon.colcon_core.verb:set package 'full_name_package' build argument 'cmake_target' from command line to 'None'
[0.594s] Level 5:colcon.colcon_core.verb:set package 'full_name_package' build argument 'cmake_target_skip_unavailable' from command line to 'False'
[0.594s] Level 5:colcon.colcon_core.verb:set package 'full_name_package' build argument 'cmake_clean_cache' from command line to 'False'
[0.594s] Level 5:colcon.colcon_core.verb:set package 'full_name_package' build argument 'cmake_clean_first' from command line to 'False'
[0.594s] Level 5:colcon.colcon_core.verb:set package 'full_name_package' build argument 'cmake_force_configure' from command line to 'False'
[0.594s] Level 5:colcon.colcon_core.verb:set package 'full_name_package' build argument 'ament_cmake_args' from command line to 'None'
[0.594s] Level 5:colcon.colcon_core.verb:set package 'full_name_package' build argument 'catkin_cmake_args' from command line to 'None'
[0.594s] Level 5:colcon.colcon_core.verb:set package 'full_name_package' build argument 'catkin_skip_building_tests' from command line to 'False'
[0.594s] DEBUG:colcon.colcon_core.verb:Building package 'full_name_package' with the following arguments: {'ament_cmake_args': None, 'build_base': '/home/rinna/ROS_2/ROSM3/ex01/full_name_package/build/full_name_package', 'catkin_cmake_args': None, 'catkin_skip_building_tests': False, 'cmake_args': None, 'cmake_clean_cache': False, 'cmake_clean_first': False, 'cmake_force_configure': False, 'cmake_target': None, 'cmake_target_skip_unavailable': False, 'install_base': '/home/rinna/ROS_2/ROSM3/ex01/full_name_package/install/full_name_package', 'merge_install': False, 'path': '/home/rinna/ROS_2/ROSM3/ex01/full_name_package', 'symlink_install': False, 'test_result_base': None}
[0.594s] INFO:colcon.colcon_core.executor:Executing jobs using 'parallel' executor
[0.596s] DEBUG:colcon.colcon_parallel_executor.executor.parallel:run_until_complete
[0.596s] INFO:colcon.colcon_ros.task.ament_cmake.build:Building ROS package in '/home/rinna/ROS_2/ROSM3/ex01/full_name_package' with build type 'ament_cmake'
[0.596s] INFO:colcon.colcon_cmake.task.cmake.build:Building CMake package in '/home/rinna/ROS_2/ROSM3/ex01/full_name_package'
[0.601s] INFO:colcon.colcon_core.plugin_system:Skipping extension 'colcon_core.shell.bat': Not used on non-Windows systems
[0.602s] INFO:colcon.colcon_core.shell:Skip shell extension 'powershell' for command environment: Not usable outside of PowerShell
[0.602s] DEBUG:colcon.colcon_core.shell:Skip shell extension 'dsv' for command environment
[0.611s] DEBUG:colcon.colcon_core.event_handler.log_command:Invoking command in '/home/rinna/ROS_2/ROSM3/ex01/full_name_package/build/full_name_package': CMAKE_PREFIX_PATH=${CMAKE_PREFIX_PATH}:/home/rinna/ROS_2/ROSM3/ex01/install/service_full_name:/opt/ros/humble /usr/bin/cmake --build /home/rinna/ROS_2/ROSM3/ex01/full_name_package/build/full_name_package -- -j16 -l16
[4.342s] DEBUG:colcon.colcon_core.event_handler.log_command:Invoked command in '/home/rinna/ROS_2/ROSM3/ex01/full_name_package/build/full_name_package' returned '0': CMAKE_PREFIX_PATH=${CMAKE_PREFIX_PATH}:/home/rinna/ROS_2/ROSM3/ex01/install/service_full_name:/opt/ros/humble /usr/bin/cmake --build /home/rinna/ROS_2/ROSM3/ex01/full_name_package/build/full_name_package -- -j16 -l16
[4.355s] DEBUG:colcon.colcon_core.event_handler.log_command:Invoking command in '/home/rinna/ROS_2/ROSM3/ex01/full_name_package/build/full_name_package': CMAKE_PREFIX_PATH=${CMAKE_PREFIX_PATH}:/home/rinna/ROS_2/ROSM3/ex01/install/service_full_name:/opt/ros/humble /usr/bin/cmake --install /home/rinna/ROS_2/ROSM3/ex01/full_name_package/build/full_name_package
[4.421s] Level 1:colcon.colcon_core.environment:create_environment_scripts_only(full_name_package)
[4.422s] DEBUG:colcon.colcon_core.event_handler.log_command:Invoked command in '/home/rinna/ROS_2/ROSM3/ex01/full_name_package/build/full_name_package' returned '0': CMAKE_PREFIX_PATH=${CMAKE_PREFIX_PATH}:/home/rinna/ROS_2/ROSM3/ex01/install/service_full_name:/opt/ros/humble /usr/bin/cmake --install /home/rinna/ROS_2/ROSM3/ex01/full_name_package/build/full_name_package
[4.428s] Level 1:colcon.colcon_core.environment:checking '/home/rinna/ROS_2/ROSM3/ex01/full_name_package/install/full_name_package' for CMake module files
[4.429s] Level 1:colcon.colcon_core.environment:checking '/home/rinna/ROS_2/ROSM3/ex01/full_name_package/install/full_name_package' for CMake config files
[4.430s] Level 1:colcon.colcon_core.shell:create_environment_hook('full_name_package', 'cmake_prefix_path')
[4.430s] INFO:colcon.colcon_core.shell:Creating environment hook '/home/rinna/ROS_2/ROSM3/ex01/full_name_package/install/full_name_package/share/full_name_package/hook/cmake_prefix_path.ps1'
[4.431s] INFO:colcon.colcon_core.shell:Creating environment descriptor '/home/rinna/ROS_2/ROSM3/ex01/full_name_package/install/full_name_package/share/full_name_package/hook/cmake_prefix_path.dsv'
[4.431s] INFO:colcon.colcon_core.shell:Creating environment hook '/home/rinna/ROS_2/ROSM3/ex01/full_name_package/install/full_name_package/share/full_name_package/hook/cmake_prefix_path.sh'
[4.432s] Level 1:colcon.colcon_core.environment:checking '/home/rinna/ROS_2/ROSM3/ex01/full_name_package/install/full_name_package/lib'
[4.432s] Level 1:colcon.colcon_core.shell:create_environment_hook('full_name_package', 'ld_library_path_lib')
[4.433s] INFO:colcon.colcon_core.shell:Creating environment hook '/home/rinna/ROS_2/ROSM3/ex01/full_name_package/install/full_name_package/share/full_name_package/hook/ld_library_path_lib.ps1'
[4.433s] INFO:colcon.colcon_core.shell:Creating environment descriptor '/home/rinna/ROS_2/ROSM3/ex01/full_name_package/install/full_name_package/share/full_name_package/hook/ld_library_path_lib.dsv'
[4.433s] INFO:colcon.colcon_core.shell:Creating environment hook '/home/rinna/ROS_2/ROSM3/ex01/full_name_package/install/full_name_package/share/full_name_package/hook/ld_library_path_lib.sh'
[4.434s] Level 1:colcon.colcon_core.environment:checking '/home/rinna/ROS_2/ROSM3/ex01/full_name_package/install/full_name_package/bin'
[4.434s] Level 1:colcon.colcon_core.environment:checking '/home/rinna/ROS_2/ROSM3/ex01/full_name_package/install/full_name_package/lib/pkgconfig/full_name_package.pc'
[4.434s] Level 1:colcon.colcon_core.environment:checking '/home/rinna/ROS_2/ROSM3/ex01/full_name_package/install/full_name_package/lib/python3.10/site-packages'
[4.434s] Level 1:colcon.colcon_core.environment:checking '/home/rinna/ROS_2/ROSM3/ex01/full_name_package/install/full_name_package/bin'
[4.434s] INFO:colcon.colcon_core.shell:Creating package script '/home/rinna/ROS_2/ROSM3/ex01/full_name_package/install/full_name_package/share/full_name_package/package.ps1'
[4.435s] INFO:colcon.colcon_core.shell:Creating package descriptor '/home/rinna/ROS_2/ROSM3/ex01/full_name_package/install/full_name_package/share/full_name_package/package.dsv'
[4.436s] INFO:colcon.colcon_core.shell:Creating package script '/home/rinna/ROS_2/ROSM3/ex01/full_name_package/install/full_name_package/share/full_name_package/package.sh'
[4.436s] INFO:colcon.colcon_core.shell:Creating package script '/home/rinna/ROS_2/ROSM3/ex01/full_name_package/install/full_name_package/share/full_name_package/package.bash'
[4.437s] INFO:colcon.colcon_core.shell:Creating package script '/home/rinna/ROS_2/ROSM3/ex01/full_name_package/install/full_name_package/share/full_name_package/package.zsh'
[4.438s] Level 1:colcon.colcon_core.environment:create_file_with_runtime_dependencies(/home/rinna/ROS_2/ROSM3/ex01/full_name_package/install/full_name_package/share/colcon-core/packages/full_name_package)
[4.438s] Level 1:colcon.colcon_core.environment:create_environment_scripts_only(full_name_package)
[4.439s] Level 1:colcon.colcon_core.environment:checking '/home/rinna/ROS_2/ROSM3/ex01/full_name_package/install/full_name_package' for CMake module files
[4.439s] Level 1:colcon.colcon_core.environment:checking '/home/rinna/ROS_2/ROSM3/ex01/full_name_package/install/full_name_package' for CMake config files
[4.440s] Level 1:colcon.colcon_core.shell:create_environment_hook('full_name_package', 'cmake_prefix_path')
[4.440s] INFO:colcon.colcon_core.shell:Creating environment hook '/home/rinna/ROS_2/ROSM3/ex01/full_name_package/install/full_name_package/share/full_name_package/hook/cmake_prefix_path.ps1'
[4.440s] INFO:colcon.colcon_core.shell:Creating environment descriptor '/home/rinna/ROS_2/ROSM3/ex01/full_name_package/install/full_name_package/share/full_name_package/hook/cmake_prefix_path.dsv'
[4.440s] INFO:colcon.colcon_core.shell:Creating environment hook '/home/rinna/ROS_2/ROSM3/ex01/full_name_package/install/full_name_package/share/full_name_package/hook/cmake_prefix_path.sh'
[4.441s] Level 1:colcon.colcon_core.environment:checking '/home/rinna/ROS_2/ROSM3/ex01/full_name_package/install/full_name_package/lib'
[4.441s] Level 1:colcon.colcon_core.shell:create_environment_hook('full_name_package', 'ld_library_path_lib')
[4.441s] INFO:colcon.colcon_core.shell:Creating environment hook '/home/rinna/ROS_2/ROSM3/ex01/full_name_package/install/full_name_package/share/full_name_package/hook/ld_library_path_lib.ps1'
[4.441s] INFO:colcon.colcon_core.shell:Creating environment descriptor '/home/rinna/ROS_2/ROSM3/ex01/full_name_package/install/full_name_package/share/full_name_package/hook/ld_library_path_lib.dsv'
[4.442s] INFO:colcon.colcon_core.shell:Creating environment hook '/home/rinna/ROS_2/ROSM3/ex01/full_name_package/install/full_name_package/share/full_name_package/hook/ld_library_path_lib.sh'
[4.442s] Level 1:colcon.colcon_core.environment:checking '/home/rinna/ROS_2/ROSM3/ex01/full_name_package/install/full_name_package/bin'
[4.442s] Level 1:colcon.colcon_core.environment:checking '/home/rinna/ROS_2/ROSM3/ex01/full_name_package/install/full_name_package/lib/pkgconfig/full_name_package.pc'
[4.442s] Level 1:colcon.colcon_core.environment:checking '/home/rinna/ROS_2/ROSM3/ex01/full_name_package/install/full_name_package/lib/python3.10/site-packages'
[4.442s] Level 1:colcon.colcon_core.environment:checking '/home/rinna/ROS_2/ROSM3/ex01/full_name_package/install/full_name_package/bin'
[4.442s] INFO:colcon.colcon_core.shell:Creating package script '/home/rinna/ROS_2/ROSM3/ex01/full_name_package/install/full_name_package/share/full_name_package/package.ps1'
[4.443s] INFO:colcon.colcon_core.shell:Creating package descriptor '/home/rinna/ROS_2/ROSM3/ex01/full_name_package/install/full_name_package/share/full_name_package/package.dsv'
[4.443s] INFO:colcon.colcon_core.shell:Creating package script '/home/rinna/ROS_2/ROSM3/ex01/full_name_package/install/full_name_package/share/full_name_package/package.sh'
[4.444s] INFO:colcon.colcon_core.shell:Creating package script '/home/rinna/ROS_2/ROSM3/ex01/full_name_package/install/full_name_package/share/full_name_package/package.bash'
[4.444s] INFO:colcon.colcon_core.shell:Creating package script '/home/rinna/ROS_2/ROSM3/ex01/full_name_package/install/full_name_package/share/full_name_package/package.zsh'
[4.444s] Level 1:colcon.colcon_core.environment:create_file_with_runtime_dependencies(/home/rinna/ROS_2/ROSM3/ex01/full_name_package/install/full_name_package/share/colcon-core/packages/full_name_package)
[4.444s] DEBUG:colcon.colcon_parallel_executor.executor.parallel:closing loop
[4.445s] DEBUG:colcon.colcon_parallel_executor.executor.parallel:loop closed
[4.445s] DEBUG:colcon.colcon_parallel_executor.executor.parallel:run_until_complete finished with '0'
[4.445s] DEBUG:colcon.colcon_core.event_reactor:joining thread
[4.468s] INFO:colcon.colcon_core.plugin_system:Skipping extension 'colcon_notification.desktop_notification.notify_send': Could not find 'notify-send'
[4.468s] INFO:colcon.colcon_core.plugin_system:Skipping extension 'colcon_notification.desktop_notification.terminal_notifier': Not used on non-Darwin systems
[4.468s] INFO:colcon.colcon_core.plugin_system:Skipping extension 'colcon_notification.desktop_notification.win32': Not used on non-Windows systems
[4.469s] INFO:colcon.colcon_notification.desktop_notification:Sending desktop notification using 'notify2'
[4.469s] DEBUG:colcon.colcon_notification.desktop_notification.notify2:Failed to initialize notify2: org.freedesktop.DBus.Error.FileNotFound: Failed to connect to socket /run/user/1000/bus: No such file or directory
[4.469s] DEBUG:colcon.colcon_core.event_reactor:joined thread
[4.469s] INFO:colcon.colcon_core.shell:Creating prefix script '/home/rinna/ROS_2/ROSM3/ex01/full_name_package/install/local_setup.ps1'
[4.470s] INFO:colcon.colcon_core.shell:Creating prefix util module '/home/rinna/ROS_2/ROSM3/ex01/full_name_package/install/_local_setup_util_ps1.py'
[4.472s] INFO:colcon.colcon_core.shell:Creating prefix chain script '/home/rinna/ROS_2/ROSM3/ex01/full_name_package/install/setup.ps1'
[4.473s] INFO:colcon.colcon_core.shell:Creating prefix script '/home/rinna/ROS_2/ROSM3/ex01/full_name_package/install/local_setup.sh'
[4.474s] INFO:colcon.colcon_core.shell:Creating prefix util module '/home/rinna/ROS_2/ROSM3/ex01/full_name_package/install/_local_setup_util_sh.py'
[4.474s] INFO:colcon.colcon_core.shell:Creating prefix chain script '/home/rinna/ROS_2/ROSM3/ex01/full_name_package/install/setup.sh'
[4.475s] INFO:colcon.colcon_core.shell:Creating prefix script '/home/rinna/ROS_2/ROSM3/ex01/full_name_package/install/local_setup.bash'
[4.475s] INFO:colcon.colcon_core.shell:Creating prefix chain script '/home/rinna/ROS_2/ROSM3/ex01/full_name_package/install/setup.bash'
[4.476s] INFO:colcon.colcon_core.shell:Creating prefix script '/home/rinna/ROS_2/ROSM3/ex01/full_name_package/install/local_setup.zsh'
[4.477s] INFO:colcon.colcon_core.shell:Creating prefix chain script '/home/rinna/ROS_2/ROSM3/ex01/full_name_package/install/setup.zsh'
