[35m[1mConsolidate compiler generated dependencies of target full_name_package__rosidl_generator_c[0m
[  2%] Built target full_name_package__cpp
[ 11%] Built target full_name_package__rosidl_generator_c
[35m[1mConsolidate compiler generated dependencies of target full_name_package__rosidl_typesupport_c[0m
[35m[1mConsolidate compiler generated dependencies of target full_name_package__rosidl_typesupport_introspection_c[0m
[35m[1mConsolidate compiler generated dependencies of target full_name_package__rosidl_typesupport_cpp[0m
[35m[1mConsolidate compiler generated dependencies of target full_name_package__rosidl_typesupport_fastrtps_c[0m
[35m[1mConsolidate compiler generated dependencies of target full_name_package__rosidl_typesupport_fastrtps_cpp[0m
[35m[1mConsolidate compiler generated dependencies of target full_name_package__rosidl_typesupport_introspection_cpp[0m
[ 11%] Built target ament_cmake_python_copy_full_name_package
[ 30%] Built target full_name_package__rosidl_typesupport_c
[ 30%] Built target full_name_package__rosidl_typesupport_introspection_c
[ 39%] Built target full_name_package__rosidl_typesupport_introspection_cpp
[ 48%] Built target full_name_package__rosidl_typesupport_cpp
[ 58%] Built target full_name_package__rosidl_typesupport_fastrtps_c
[ 67%] Built target full_name_package__rosidl_typesupport_fastrtps_cpp
[35m[1mConsolidate compiler generated dependencies of target service_name[0m
[35m[1mConsolidate compiler generated dependencies of target client_name[0m
[ 67%] Built target full_name_package
[ 69%] [32mBuilding CXX object CMakeFiles/service_name.dir/src/service_name.cpp.o[0m
[ 74%] Built target client_name
[ 76%] Built target full_name_package__py
[35m[1mConsolidate compiler generated dependencies of target full_name_package__rosidl_generator_py[0m
[ 83%] Built target full_name_package__rosidl_generator_py
[35m[1mConsolidate compiler generated dependencies of target full_name_package__rosidl_typesupport_fastrtps_c__pyext[0m
[35m[1mConsolidate compiler generated dependencies of target full_name_package__rosidl_typesupport_c__pyext[0m
[35m[1mConsolidate compiler generated dependencies of target full_name_package__rosidl_typesupport_introspection_c__pyext[0m
[ 93%] Built target full_name_package__rosidl_typesupport_fastrtps_c__pyext
[ 93%] Built target full_name_package__rosidl_typesupport_introspection_c__pyext
[ 97%] Built target full_name_package__rosidl_typesupport_c__pyext
running egg_info
writing full_name_package.egg-info/PKG-INFO
writing dependency_links to full_name_package.egg-info/dependency_links.txt
writing top-level names to full_name_package.egg-info/top_level.txt
reading manifest file 'full_name_package.egg-info/SOURCES.txt'
writing manifest file 'full_name_package.egg-info/SOURCES.txt'
[ 97%] Built target ament_cmake_python_build_full_name_package_egg
[100%] [32m[1mLinking CXX executable service_name[0m
[100%] Built target service_name
-- Install configuration: ""
-- Up-to-date: /home/rinna/ROS_2/ROSM3/ex01/full_name_package/install/full_name_package/share/ament_index/resource_index/rosidl_interfaces/full_name_package
-- Up-to-date: /home/rinna/ROS_2/ROSM3/ex01/full_name_package/install/full_name_package/include/full_name_package/full_name_package
-- Up-to-date: /home/rinna/ROS_2/ROSM3/ex01/full_name_package/install/full_name_package/include/full_name_package/full_name_package/srv
-- Up-to-date: /home/rinna/ROS_2/ROSM3/ex01/full_name_package/install/full_name_package/include/full_name_package/full_name_package/srv/summ_full_name.h
-- Up-to-date: /home/rinna/ROS_2/ROSM3/ex01/full_name_package/install/full_name_package/include/full_name_package/full_name_package/srv/detail
-- Up-to-date: /home/rinna/ROS_2/ROSM3/ex01/full_name_package/install/full_name_package/include/full_name_package/full_name_package/srv/detail/summ_full_name__struct.h
-- Up-to-date: /home/rinna/ROS_2/ROSM3/ex01/full_name_package/install/full_name_package/include/full_name_package/full_name_package/srv/detail/summ_full_name__type_support.h
-- Up-to-date: /home/rinna/ROS_2/ROSM3/ex01/full_name_package/install/full_name_package/include/full_name_package/full_name_package/srv/detail/summ_full_name__functions.h
-- Up-to-date: /home/rinna/ROS_2/ROSM3/ex01/full_name_package/install/full_name_package/include/full_name_package/full_name_package/srv/detail/summ_full_name__functions.c
-- Up-to-date: /home/rinna/ROS_2/ROSM3/ex01/full_name_package/install/full_name_package/include/full_name_package/full_name_package/msg
-- Up-to-date: /home/rinna/ROS_2/ROSM3/ex01/full_name_package/install/full_name_package/include/full_name_package/full_name_package/msg/rosidl_generator_c__visibility_control.h
-- Up-to-date: /home/rinna/ROS_2/ROSM3/ex01/full_name_package/install/full_name_package/include/full_name_package/full_name_package/msg/full_name.h
-- Up-to-date: /home/rinna/ROS_2/ROSM3/ex01/full_name_package/install/full_name_package/include/full_name_package/full_name_package/msg/detail
-- Up-to-date: /home/rinna/ROS_2/ROSM3/ex01/full_name_package/install/full_name_package/include/full_name_package/full_name_package/msg/detail/full_name__struct.h
-- Up-to-date: /home/rinna/ROS_2/ROSM3/ex01/full_name_package/install/full_name_package/include/full_name_package/full_name_package/msg/detail/full_name__functions.c
-- Up-to-date: /home/rinna/ROS_2/ROSM3/ex01/full_name_package/install/full_name_package/include/full_name_package/full_name_package/msg/detail/full_name__functions.h
-- Up-to-date: /home/rinna/ROS_2/ROSM3/ex01/full_name_package/install/full_name_package/include/full_name_package/full_name_package/msg/detail/full_name__type_support.h
-- Up-to-date: /home/rinna/ROS_2/ROSM3/ex01/full_name_package/install/full_name_package/share/full_name_package/environment/library_path.sh
-- Up-to-date: /home/rinna/ROS_2/ROSM3/ex01/full_name_package/install/full_name_package/share/full_name_package/environment/library_path.dsv
-- Up-to-date: /home/rinna/ROS_2/ROSM3/ex01/full_name_package/install/full_name_package/lib/libfull_name_package__rosidl_generator_c.so
-- Up-to-date: /home/rinna/ROS_2/ROSM3/ex01/full_name_package/install/full_name_package/include/full_name_package/full_name_package
-- Up-to-date: /home/rinna/ROS_2/ROSM3/ex01/full_name_package/install/full_name_package/include/full_name_package/full_name_package/srv
-- Up-to-date: /home/rinna/ROS_2/ROSM3/ex01/full_name_package/install/full_name_package/include/full_name_package/full_name_package/srv/detail
-- Up-to-date: /home/rinna/ROS_2/ROSM3/ex01/full_name_package/install/full_name_package/include/full_name_package/full_name_package/srv/detail/summ_full_name__rosidl_typesupport_fastrtps_c.h
-- Up-to-date: /home/rinna/ROS_2/ROSM3/ex01/full_name_package/install/full_name_package/include/full_name_package/full_name_package/msg
-- Up-to-date: /home/rinna/ROS_2/ROSM3/ex01/full_name_package/install/full_name_package/include/full_name_package/full_name_package/msg/rosidl_typesupport_fastrtps_c__visibility_control.h
-- Up-to-date: /home/rinna/ROS_2/ROSM3/ex01/full_name_package/install/full_name_package/include/full_name_package/full_name_package/msg/detail
-- Up-to-date: /home/rinna/ROS_2/ROSM3/ex01/full_name_package/install/full_name_package/include/full_name_package/full_name_package/msg/detail/full_name__rosidl_typesupport_fastrtps_c.h
-- Up-to-date: /home/rinna/ROS_2/ROSM3/ex01/full_name_package/install/full_name_package/lib/libfull_name_package__rosidl_typesupport_fastrtps_c.so
-- Up-to-date: /home/rinna/ROS_2/ROSM3/ex01/full_name_package/install/full_name_package/include/full_name_package/full_name_package
-- Up-to-date: /home/rinna/ROS_2/ROSM3/ex01/full_name_package/install/full_name_package/include/full_name_package/full_name_package/srv
-- Up-to-date: /home/rinna/ROS_2/ROSM3/ex01/full_name_package/install/full_name_package/include/full_name_package/full_name_package/srv/summ_full_name.hpp
-- Up-to-date: /home/rinna/ROS_2/ROSM3/ex01/full_name_package/install/full_name_package/include/full_name_package/full_name_package/srv/detail
-- Up-to-date: /home/rinna/ROS_2/ROSM3/ex01/full_name_package/install/full_name_package/include/full_name_package/full_name_package/srv/detail/summ_full_name__traits.hpp
-- Up-to-date: /home/rinna/ROS_2/ROSM3/ex01/full_name_package/install/full_name_package/include/full_name_package/full_name_package/srv/detail/summ_full_name__type_support.hpp
-- Up-to-date: /home/rinna/ROS_2/ROSM3/ex01/full_name_package/install/full_name_package/include/full_name_package/full_name_package/srv/detail/summ_full_name__struct.hpp
-- Up-to-date: /home/rinna/ROS_2/ROSM3/ex01/full_name_package/install/full_name_package/include/full_name_package/full_name_package/srv/detail/summ_full_name__builder.hpp
-- Up-to-date: /home/rinna/ROS_2/ROSM3/ex01/full_name_package/install/full_name_package/include/full_name_package/full_name_package/msg
-- Up-to-date: /home/rinna/ROS_2/ROSM3/ex01/full_name_package/install/full_name_package/include/full_name_package/full_name_package/msg/rosidl_generator_cpp__visibility_control.hpp
-- Up-to-date: /home/rinna/ROS_2/ROSM3/ex01/full_name_package/install/full_name_package/include/full_name_package/full_name_package/msg/full_name.hpp
-- Up-to-date: /home/rinna/ROS_2/ROSM3/ex01/full_name_package/install/full_name_package/include/full_name_package/full_name_package/msg/detail
-- Up-to-date: /home/rinna/ROS_2/ROSM3/ex01/full_name_package/install/full_name_package/include/full_name_package/full_name_package/msg/detail/full_name__traits.hpp
-- Up-to-date: /home/rinna/ROS_2/ROSM3/ex01/full_name_package/install/full_name_package/include/full_name_package/full_name_package/msg/detail/full_name__builder.hpp
-- Up-to-date: /home/rinna/ROS_2/ROSM3/ex01/full_name_package/install/full_name_package/include/full_name_package/full_name_package/msg/detail/full_name__type_support.hpp
-- Up-to-date: /home/rinna/ROS_2/ROSM3/ex01/full_name_package/install/full_name_package/include/full_name_package/full_name_package/msg/detail/full_name__struct.hpp
-- Up-to-date: /home/rinna/ROS_2/ROSM3/ex01/full_name_package/install/full_name_package/include/full_name_package/full_name_package
-- Up-to-date: /home/rinna/ROS_2/ROSM3/ex01/full_name_package/install/full_name_package/include/full_name_package/full_name_package/srv
-- Up-to-date: /home/rinna/ROS_2/ROSM3/ex01/full_name_package/install/full_name_package/include/full_name_package/full_name_package/srv/detail
-- Up-to-date: /home/rinna/ROS_2/ROSM3/ex01/full_name_package/install/full_name_package/include/full_name_package/full_name_package/srv/detail/summ_full_name__rosidl_typesupport_fastrtps_cpp.hpp
-- Up-to-date: /home/rinna/ROS_2/ROSM3/ex01/full_name_package/install/full_name_package/include/full_name_package/full_name_package/srv/detail/dds_fastrtps
-- Up-to-date: /home/rinna/ROS_2/ROSM3/ex01/full_name_package/install/full_name_package/include/full_name_package/full_name_package/msg
-- Up-to-date: /home/rinna/ROS_2/ROSM3/ex01/full_name_package/install/full_name_package/include/full_name_package/full_name_package/msg/rosidl_typesupport_fastrtps_cpp__visibility_control.h
-- Up-to-date: /home/rinna/ROS_2/ROSM3/ex01/full_name_package/install/full_name_package/include/full_name_package/full_name_package/msg/detail
-- Up-to-date: /home/rinna/ROS_2/ROSM3/ex01/full_name_package/install/full_name_package/include/full_name_package/full_name_package/msg/detail/dds_fastrtps
-- Up-to-date: /home/rinna/ROS_2/ROSM3/ex01/full_name_package/install/full_name_package/include/full_name_package/full_name_package/msg/detail/full_name__rosidl_typesupport_fastrtps_cpp.hpp
-- Up-to-date: /home/rinna/ROS_2/ROSM3/ex01/full_name_package/install/full_name_package/lib/libfull_name_package__rosidl_typesupport_fastrtps_cpp.so
-- Up-to-date: /home/rinna/ROS_2/ROSM3/ex01/full_name_package/install/full_name_package/include/full_name_package/full_name_package
-- Up-to-date: /home/rinna/ROS_2/ROSM3/ex01/full_name_package/install/full_name_package/include/full_name_package/full_name_package/srv
-- Up-to-date: /home/rinna/ROS_2/ROSM3/ex01/full_name_package/install/full_name_package/include/full_name_package/full_name_package/srv/detail
-- Up-to-date: /home/rinna/ROS_2/ROSM3/ex01/full_name_package/install/full_name_package/include/full_name_package/full_name_package/srv/detail/summ_full_name__rosidl_typesupport_introspection_c.h
-- Up-to-date: /home/rinna/ROS_2/ROSM3/ex01/full_name_package/install/full_name_package/include/full_name_package/full_name_package/srv/detail/summ_full_name__type_support.c
-- Up-to-date: /home/rinna/ROS_2/ROSM3/ex01/full_name_package/install/full_name_package/include/full_name_package/full_name_package/msg
-- Up-to-date: /home/rinna/ROS_2/ROSM3/ex01/full_name_package/install/full_name_package/include/full_name_package/full_name_package/msg/rosidl_typesupport_introspection_c__visibility_control.h
-- Up-to-date: /home/rinna/ROS_2/ROSM3/ex01/full_name_package/install/full_name_package/include/full_name_package/full_name_package/msg/detail
-- Up-to-date: /home/rinna/ROS_2/ROSM3/ex01/full_name_package/install/full_name_package/include/full_name_package/full_name_package/msg/detail/full_name__type_support.c
-- Up-to-date: /home/rinna/ROS_2/ROSM3/ex01/full_name_package/install/full_name_package/include/full_name_package/full_name_package/msg/detail/full_name__rosidl_typesupport_introspection_c.h
-- Up-to-date: /home/rinna/ROS_2/ROSM3/ex01/full_name_package/install/full_name_package/lib/libfull_name_package__rosidl_typesupport_introspection_c.so
-- Up-to-date: /home/rinna/ROS_2/ROSM3/ex01/full_name_package/install/full_name_package/lib/libfull_name_package__rosidl_typesupport_c.so
-- Up-to-date: /home/rinna/ROS_2/ROSM3/ex01/full_name_package/install/full_name_package/include/full_name_package/full_name_package
-- Up-to-date: /home/rinna/ROS_2/ROSM3/ex01/full_name_package/install/full_name_package/include/full_name_package/full_name_package/srv
-- Up-to-date: /home/rinna/ROS_2/ROSM3/ex01/full_name_package/install/full_name_package/include/full_name_package/full_name_package/srv/detail
-- Up-to-date: /home/rinna/ROS_2/ROSM3/ex01/full_name_package/install/full_name_package/include/full_name_package/full_name_package/srv/detail/summ_full_name__rosidl_typesupport_introspection_cpp.hpp
-- Up-to-date: /home/rinna/ROS_2/ROSM3/ex01/full_name_package/install/full_name_package/include/full_name_package/full_name_package/srv/detail/summ_full_name__type_support.cpp
-- Up-to-date: /home/rinna/ROS_2/ROSM3/ex01/full_name_package/install/full_name_package/include/full_name_package/full_name_package/msg
-- Up-to-date: /home/rinna/ROS_2/ROSM3/ex01/full_name_package/install/full_name_package/include/full_name_package/full_name_package/msg/detail
-- Up-to-date: /home/rinna/ROS_2/ROSM3/ex01/full_name_package/install/full_name_package/include/full_name_package/full_name_package/msg/detail/full_name__rosidl_typesupport_introspection_cpp.hpp
-- Up-to-date: /home/rinna/ROS_2/ROSM3/ex01/full_name_package/install/full_name_package/include/full_name_package/full_name_package/msg/detail/full_name__type_support.cpp
-- Up-to-date: /home/rinna/ROS_2/ROSM3/ex01/full_name_package/install/full_name_package/lib/libfull_name_package__rosidl_typesupport_introspection_cpp.so
-- Up-to-date: /home/rinna/ROS_2/ROSM3/ex01/full_name_package/install/full_name_package/lib/libfull_name_package__rosidl_typesupport_cpp.so
-- Up-to-date: /home/rinna/ROS_2/ROSM3/ex01/full_name_package/install/full_name_package/share/full_name_package/environment/pythonpath.sh
-- Up-to-date: /home/rinna/ROS_2/ROSM3/ex01/full_name_package/install/full_name_package/share/full_name_package/environment/pythonpath.dsv
-- Up-to-date: /home/rinna/ROS_2/ROSM3/ex01/full_name_package/install/full_name_package/local/lib/python3.10/dist-packages/full_name_package-0.0.0-py3.10.egg-info
-- Installing: /home/rinna/ROS_2/ROSM3/ex01/full_name_package/install/full_name_package/local/lib/python3.10/dist-packages/full_name_package-0.0.0-py3.10.egg-info/top_level.txt
-- Installing: /home/rinna/ROS_2/ROSM3/ex01/full_name_package/install/full_name_package/local/lib/python3.10/dist-packages/full_name_package-0.0.0-py3.10.egg-info/SOURCES.txt
-- Installing: /home/rinna/ROS_2/ROSM3/ex01/full_name_package/install/full_name_package/local/lib/python3.10/dist-packages/full_name_package-0.0.0-py3.10.egg-info/dependency_links.txt
-- Installing: /home/rinna/ROS_2/ROSM3/ex01/full_name_package/install/full_name_package/local/lib/python3.10/dist-packages/full_name_package-0.0.0-py3.10.egg-info/PKG-INFO
-- Up-to-date: /home/rinna/ROS_2/ROSM3/ex01/full_name_package/install/full_name_package/local/lib/python3.10/dist-packages/full_name_package
-- Up-to-date: /home/rinna/ROS_2/ROSM3/ex01/full_name_package/install/full_name_package/local/lib/python3.10/dist-packages/full_name_package/_full_name_package_s.ep.rosidl_typesupport_c.c
-- Up-to-date: /home/rinna/ROS_2/ROSM3/ex01/full_name_package/install/full_name_package/local/lib/python3.10/dist-packages/full_name_package/__init__.py
-- Up-to-date: /home/rinna/ROS_2/ROSM3/ex01/full_name_package/install/full_name_package/local/lib/python3.10/dist-packages/full_name_package/srv
-- Up-to-date: /home/rinna/ROS_2/ROSM3/ex01/full_name_package/install/full_name_package/local/lib/python3.10/dist-packages/full_name_package/srv/__init__.py
-- Up-to-date: /home/rinna/ROS_2/ROSM3/ex01/full_name_package/install/full_name_package/local/lib/python3.10/dist-packages/full_name_package/srv/_summ_full_name_s.c
-- Up-to-date: /home/rinna/ROS_2/ROSM3/ex01/full_name_package/install/full_name_package/local/lib/python3.10/dist-packages/full_name_package/srv/_summ_full_name.py
-- Up-to-date: /home/rinna/ROS_2/ROSM3/ex01/full_name_package/install/full_name_package/local/lib/python3.10/dist-packages/full_name_package/_full_name_package_s.ep.rosidl_typesupport_fastrtps_c.c
-- Up-to-date: /home/rinna/ROS_2/ROSM3/ex01/full_name_package/install/full_name_package/local/lib/python3.10/dist-packages/full_name_package/full_name_package_s__rosidl_typesupport_fastrtps_c.cpython-310-x86_64-linux-gnu.so
-- Up-to-date: /home/rinna/ROS_2/ROSM3/ex01/full_name_package/install/full_name_package/local/lib/python3.10/dist-packages/full_name_package/_full_name_package_s.ep.rosidl_typesupport_introspection_c.c
-- Up-to-date: /home/rinna/ROS_2/ROSM3/ex01/full_name_package/install/full_name_package/local/lib/python3.10/dist-packages/full_name_package/full_name_package_s__rosidl_typesupport_introspection_c.cpython-310-x86_64-linux-gnu.so
-- Up-to-date: /home/rinna/ROS_2/ROSM3/ex01/full_name_package/install/full_name_package/local/lib/python3.10/dist-packages/full_name_package/libfull_name_package__rosidl_generator_py.so
-- Up-to-date: /home/rinna/ROS_2/ROSM3/ex01/full_name_package/install/full_name_package/local/lib/python3.10/dist-packages/full_name_package/full_name_package_s__rosidl_typesupport_c.cpython-310-x86_64-linux-gnu.so
-- Up-to-date: /home/rinna/ROS_2/ROSM3/ex01/full_name_package/install/full_name_package/local/lib/python3.10/dist-packages/full_name_package/msg
-- Up-to-date: /home/rinna/ROS_2/ROSM3/ex01/full_name_package/install/full_name_package/local/lib/python3.10/dist-packages/full_name_package/msg/__init__.py
-- Up-to-date: /home/rinna/ROS_2/ROSM3/ex01/full_name_package/install/full_name_package/local/lib/python3.10/dist-packages/full_name_package/msg/_full_name_s.c
-- Up-to-date: /home/rinna/ROS_2/ROSM3/ex01/full_name_package/install/full_name_package/local/lib/python3.10/dist-packages/full_name_package/msg/_full_name.py
Listing '/home/rinna/ROS_2/ROSM3/ex01/full_name_package/install/full_name_package/local/lib/python3.10/dist-packages/full_name_package'...
Listing '/home/rinna/ROS_2/ROSM3/ex01/full_name_package/install/full_name_package/local/lib/python3.10/dist-packages/full_name_package/msg'...
Listing '/home/rinna/ROS_2/ROSM3/ex01/full_name_package/install/full_name_package/local/lib/python3.10/dist-packages/full_name_package/srv'...
-- Up-to-date: /home/rinna/ROS_2/ROSM3/ex01/full_name_package/install/full_name_package/local/lib/python3.10/dist-packages/full_name_package/full_name_package_s__rosidl_typesupport_fastrtps_c.cpython-310-x86_64-linux-gnu.so
-- Up-to-date: /home/rinna/ROS_2/ROSM3/ex01/full_name_package/install/full_name_package/local/lib/python3.10/dist-packages/full_name_package/full_name_package_s__rosidl_typesupport_introspection_c.cpython-310-x86_64-linux-gnu.so
-- Up-to-date: /home/rinna/ROS_2/ROSM3/ex01/full_name_package/install/full_name_package/local/lib/python3.10/dist-packages/full_name_package/full_name_package_s__rosidl_typesupport_c.cpython-310-x86_64-linux-gnu.so
-- Up-to-date: /home/rinna/ROS_2/ROSM3/ex01/full_name_package/install/full_name_package/lib/libfull_name_package__rosidl_generator_py.so
-- Up-to-date: /home/rinna/ROS_2/ROSM3/ex01/full_name_package/install/full_name_package/share/full_name_package/msg/FullName.idl
-- Up-to-date: /home/rinna/ROS_2/ROSM3/ex01/full_name_package/install/full_name_package/share/full_name_package/srv/SummFullName.idl
-- Up-to-date: /home/rinna/ROS_2/ROSM3/ex01/full_name_package/install/full_name_package/share/full_name_package/msg/FullName.msg
-- Up-to-date: /home/rinna/ROS_2/ROSM3/ex01/full_name_package/install/full_name_package/share/full_name_package/srv/SummFullName.srv
-- Up-to-date: /home/rinna/ROS_2/ROSM3/ex01/full_name_package/install/full_name_package/share/full_name_package/srv/SummFullName_Request.msg
-- Up-to-date: /home/rinna/ROS_2/ROSM3/ex01/full_name_package/install/full_name_package/share/full_name_package/srv/SummFullName_Response.msg
-- Installing: /home/rinna/ROS_2/ROSM3/ex01/full_name_package/install/full_name_package/lib/full_name_package/service_name
-- Set runtime path of "/home/rinna/ROS_2/ROSM3/ex01/full_name_package/install/full_name_package/lib/full_name_package/service_name" to ""
-- Up-to-date: /home/rinna/ROS_2/ROSM3/ex01/full_name_package/install/full_name_package/lib/full_name_package/client_name
-- Up-to-date: /home/rinna/ROS_2/ROSM3/ex01/full_name_package/install/full_name_package/share/ament_index/resource_index/package_run_dependencies/full_name_package
-- Up-to-date: /home/rinna/ROS_2/ROSM3/ex01/full_name_package/install/full_name_package/share/ament_index/resource_index/parent_prefix_path/full_name_package
-- Up-to-date: /home/rinna/ROS_2/ROSM3/ex01/full_name_package/install/full_name_package/share/full_name_package/environment/ament_prefix_path.sh
-- Up-to-date: /home/rinna/ROS_2/ROSM3/ex01/full_name_package/install/full_name_package/share/full_name_package/environment/ament_prefix_path.dsv
-- Up-to-date: /home/rinna/ROS_2/ROSM3/ex01/full_name_package/install/full_name_package/share/full_name_package/environment/path.sh
-- Up-to-date: /home/rinna/ROS_2/ROSM3/ex01/full_name_package/install/full_name_package/share/full_name_package/environment/path.dsv
-- Up-to-date: /home/rinna/ROS_2/ROSM3/ex01/full_name_package/install/full_name_package/share/full_name_package/local_setup.bash
-- Up-to-date: /home/rinna/ROS_2/ROSM3/ex01/full_name_package/install/full_name_package/share/full_name_package/local_setup.sh
-- Up-to-date: /home/rinna/ROS_2/ROSM3/ex01/full_name_package/install/full_name_package/share/full_name_package/local_setup.zsh
-- Up-to-date: /home/rinna/ROS_2/ROSM3/ex01/full_name_package/install/full_name_package/share/full_name_package/local_setup.dsv
-- Installing: /home/rinna/ROS_2/ROSM3/ex01/full_name_package/install/full_name_package/share/full_name_package/package.dsv
-- Up-to-date: /home/rinna/ROS_2/ROSM3/ex01/full_name_package/install/full_name_package/share/ament_index/resource_index/packages/full_name_package
-- Up-to-date: /home/rinna/ROS_2/ROSM3/ex01/full_name_package/install/full_name_package/share/full_name_package/cmake/export_full_name_package__rosidl_generator_cExport.cmake
-- Up-to-date: /home/rinna/ROS_2/ROSM3/ex01/full_name_package/install/full_name_package/share/full_name_package/cmake/export_full_name_package__rosidl_generator_cExport-noconfig.cmake
-- Up-to-date: /home/rinna/ROS_2/ROSM3/ex01/full_name_package/install/full_name_package/share/full_name_package/cmake/export_full_name_package__rosidl_typesupport_fastrtps_cExport.cmake
-- Up-to-date: /home/rinna/ROS_2/ROSM3/ex01/full_name_package/install/full_name_package/share/full_name_package/cmake/export_full_name_package__rosidl_typesupport_fastrtps_cExport-noconfig.cmake
-- Up-to-date: /home/rinna/ROS_2/ROSM3/ex01/full_name_package/install/full_name_package/share/full_name_package/cmake/export_full_name_package__rosidl_generator_cppExport.cmake
-- Up-to-date: /home/rinna/ROS_2/ROSM3/ex01/full_name_package/install/full_name_package/share/full_name_package/cmake/export_full_name_package__rosidl_typesupport_fastrtps_cppExport.cmake
-- Up-to-date: /home/rinna/ROS_2/ROSM3/ex01/full_name_package/install/full_name_package/share/full_name_package/cmake/export_full_name_package__rosidl_typesupport_fastrtps_cppExport-noconfig.cmake
-- Up-to-date: /home/rinna/ROS_2/ROSM3/ex01/full_name_package/install/full_name_package/share/full_name_package/cmake/full_name_package__rosidl_typesupport_introspection_cExport.cmake
-- Up-to-date: /home/rinna/ROS_2/ROSM3/ex01/full_name_package/install/full_name_package/share/full_name_package/cmake/full_name_package__rosidl_typesupport_introspection_cExport-noconfig.cmake
-- Up-to-date: /home/rinna/ROS_2/ROSM3/ex01/full_name_package/install/full_name_package/share/full_name_package/cmake/full_name_package__rosidl_typesupport_cExport.cmake
-- Up-to-date: /home/rinna/ROS_2/ROSM3/ex01/full_name_package/install/full_name_package/share/full_name_package/cmake/full_name_package__rosidl_typesupport_cExport-noconfig.cmake
-- Up-to-date: /home/rinna/ROS_2/ROSM3/ex01/full_name_package/install/full_name_package/share/full_name_package/cmake/full_name_package__rosidl_typesupport_introspection_cppExport.cmake
-- Up-to-date: /home/rinna/ROS_2/ROSM3/ex01/full_name_package/install/full_name_package/share/full_name_package/cmake/full_name_package__rosidl_typesupport_introspection_cppExport-noconfig.cmake
-- Up-to-date: /home/rinna/ROS_2/ROSM3/ex01/full_name_package/install/full_name_package/share/full_name_package/cmake/full_name_package__rosidl_typesupport_cppExport.cmake
-- Up-to-date: /home/rinna/ROS_2/ROSM3/ex01/full_name_package/install/full_name_package/share/full_name_package/cmake/full_name_package__rosidl_typesupport_cppExport-noconfig.cmake
-- Up-to-date: /home/rinna/ROS_2/ROSM3/ex01/full_name_package/install/full_name_package/share/full_name_package/cmake/export_full_name_package__rosidl_generator_pyExport.cmake
-- Up-to-date: /home/rinna/ROS_2/ROSM3/ex01/full_name_package/install/full_name_package/share/full_name_package/cmake/export_full_name_package__rosidl_generator_pyExport-noconfig.cmake
-- Up-to-date: /home/rinna/ROS_2/ROSM3/ex01/full_name_package/install/full_name_package/share/full_name_package/cmake/rosidl_cmake-extras.cmake
-- Up-to-date: /home/rinna/ROS_2/ROSM3/ex01/full_name_package/install/full_name_package/share/full_name_package/cmake/ament_cmake_export_dependencies-extras.cmake
-- Up-to-date: /home/rinna/ROS_2/ROSM3/ex01/full_name_package/install/full_name_package/share/full_name_package/cmake/ament_cmake_export_include_directories-extras.cmake
-- Up-to-date: /home/rinna/ROS_2/ROSM3/ex01/full_name_package/install/full_name_package/share/full_name_package/cmake/ament_cmake_export_libraries-extras.cmake
-- Up-to-date: /home/rinna/ROS_2/ROSM3/ex01/full_name_package/install/full_name_package/share/full_name_package/cmake/ament_cmake_export_targets-extras.cmake
-- Up-to-date: /home/rinna/ROS_2/ROSM3/ex01/full_name_package/install/full_name_package/share/full_name_package/cmake/rosidl_cmake_export_typesupport_targets-extras.cmake
-- Up-to-date: /home/rinna/ROS_2/ROSM3/ex01/full_name_package/install/full_name_package/share/full_name_package/cmake/rosidl_cmake_export_typesupport_libraries-extras.cmake
-- Up-to-date: /home/rinna/ROS_2/ROSM3/ex01/full_name_package/install/full_name_package/share/full_name_package/cmake/full_name_packageConfig.cmake
-- Up-to-date: /home/rinna/ROS_2/ROSM3/ex01/full_name_package/install/full_name_package/share/full_name_package/cmake/full_name_packageConfig-version.cmake
-- Up-to-date: /home/rinna/ROS_2/ROSM3/ex01/full_name_package/install/full_name_package/share/full_name_package/package.xml
