[0.015s] Invoking command in '/home/rinna/ROS_2/ROSM3/ex01/full_name_package/build/full_name_package': CMAKE_PREFIX_PATH=${CMAKE_PREFIX_PATH}:/home/rinna/ROS_2/ROSM3/ex01/install/service_full_name:/opt/ros/humble /usr/bin/cmake --build /home/rinna/ROS_2/ROSM3/ex01/full_name_package/build/full_name_package -- -j16 -l16
[0.111s] [35m[1mConsolidate compiler generated dependencies of target full_name_package__rosidl_generator_c[0m
[0.122s] [  2%] Built target full_name_package__cpp
[0.123s] [ 11%] Built target full_name_package__rosidl_generator_c
[0.135s] [35m[1mConsolidate compiler generated dependencies of target full_name_package__rosidl_typesupport_c[0m
[0.135s] [35m[1mConsolidate compiler generated dependencies of target full_name_package__rosidl_typesupport_introspection_c[0m
[0.136s] [35m[1mConsolidate compiler generated dependencies of target full_name_package__rosidl_typesupport_cpp[0m
[0.136s] [35m[1mConsolidate compiler generated dependencies of target full_name_package__rosidl_typesupport_fastrtps_c[0m
[0.136s] [35m[1mConsolidate compiler generated dependencies of target full_name_package__rosidl_typesupport_fastrtps_cpp[0m
[0.136s] [35m[1mConsolidate compiler generated dependencies of target full_name_package__rosidl_typesupport_introspection_cpp[0m
[0.139s] [ 11%] Built target ament_cmake_python_copy_full_name_package
[0.149s] [ 30%] Built target full_name_package__rosidl_typesupport_c
[0.149s] [ 30%] Built target full_name_package__rosidl_typesupport_introspection_c
[0.151s] [ 39%] Built target full_name_package__rosidl_typesupport_introspection_cpp
[0.151s] [ 48%] Built target full_name_package__rosidl_typesupport_cpp
[0.153s] [ 58%] Built target full_name_package__rosidl_typesupport_fastrtps_c
[0.153s] [ 67%] Built target full_name_package__rosidl_typesupport_fastrtps_cpp
[0.164s] [35m[1mConsolidate compiler generated dependencies of target service_name[0m
[0.164s] [35m[1mConsolidate compiler generated dependencies of target client_name[0m
[0.175s] [ 67%] Built target full_name_package
[0.185s] [ 69%] [32mBuilding CXX object CMakeFiles/service_name.dir/src/service_name.cpp.o[0m
[0.185s] [ 74%] Built target client_name
[0.202s] [ 76%] Built target full_name_package__py
[0.218s] [35m[1mConsolidate compiler generated dependencies of target full_name_package__rosidl_generator_py[0m
[0.236s] [ 83%] Built target full_name_package__rosidl_generator_py
[0.249s] [35m[1mConsolidate compiler generated dependencies of target full_name_package__rosidl_typesupport_fastrtps_c__pyext[0m
[0.249s] [35m[1mConsolidate compiler generated dependencies of target full_name_package__rosidl_typesupport_c__pyext[0m
[0.249s] [35m[1mConsolidate compiler generated dependencies of target full_name_package__rosidl_typesupport_introspection_c__pyext[0m
[0.264s] [ 93%] Built target full_name_package__rosidl_typesupport_fastrtps_c__pyext
[0.265s] [ 93%] Built target full_name_package__rosidl_typesupport_introspection_c__pyext
[0.265s] [ 97%] Built target full_name_package__rosidl_typesupport_c__pyext
[0.334s] running egg_info
[0.334s] writing full_name_package.egg-info/PKG-INFO
[0.334s] writing dependency_links to full_name_package.egg-info/dependency_links.txt
[0.334s] writing top-level names to full_name_package.egg-info/top_level.txt
[0.337s] reading manifest file 'full_name_package.egg-info/SOURCES.txt'
[0.338s] writing manifest file 'full_name_package.egg-info/SOURCES.txt'
[0.366s] [ 97%] Built target ament_cmake_python_build_full_name_package_egg
[3.536s] [100%] [32m[1mLinking CXX executable service_name[0m
[3.730s] [100%] Built target service_name
[3.746s] Invoked command in '/home/rinna/ROS_2/ROSM3/ex01/full_name_package/build/full_name_package' returned '0': CMAKE_PREFIX_PATH=${CMAKE_PREFIX_PATH}:/home/rinna/ROS_2/ROSM3/ex01/install/service_full_name:/opt/ros/humble /usr/bin/cmake --build /home/rinna/ROS_2/ROSM3/ex01/full_name_package/build/full_name_package -- -j16 -l16
[3.758s] Invoking command in '/home/rinna/ROS_2/ROSM3/ex01/full_name_package/build/full_name_package': CMAKE_PREFIX_PATH=${CMAKE_PREFIX_PATH}:/home/rinna/ROS_2/ROSM3/ex01/install/service_full_name:/opt/ros/humble /usr/bin/cmake --install /home/rinna/ROS_2/ROSM3/ex01/full_name_package/build/full_name_package
[3.767s] -- Install configuration: ""
[3.768s] -- Up-to-date: /home/rinna/ROS_2/ROSM3/ex01/full_name_package/install/full_name_package/share/ament_index/resource_index/rosidl_interfaces/full_name_package
[3.768s] -- Up-to-date: /home/rinna/ROS_2/ROSM3/ex01/full_name_package/install/full_name_package/include/full_name_package/full_name_package
[3.768s] -- Up-to-date: /home/rinna/ROS_2/ROSM3/ex01/full_name_package/install/full_name_package/include/full_name_package/full_name_package/srv
[3.769s] -- Up-to-date: /home/rinna/ROS_2/ROSM3/ex01/full_name_package/install/full_name_package/include/full_name_package/full_name_package/srv/summ_full_name.h
[3.769s] -- Up-to-date: /home/rinna/ROS_2/ROSM3/ex01/full_name_package/install/full_name_package/include/full_name_package/full_name_package/srv/detail
[3.769s] -- Up-to-date: /home/rinna/ROS_2/ROSM3/ex01/full_name_package/install/full_name_package/include/full_name_package/full_name_package/srv/detail/summ_full_name__struct.h
[3.769s] -- Up-to-date: /home/rinna/ROS_2/ROSM3/ex01/full_name_package/install/full_name_package/include/full_name_package/full_name_package/srv/detail/summ_full_name__type_support.h
[3.769s] -- Up-to-date: /home/rinna/ROS_2/ROSM3/ex01/full_name_package/install/full_name_package/include/full_name_package/full_name_package/srv/detail/summ_full_name__functions.h
[3.769s] -- Up-to-date: /home/rinna/ROS_2/ROSM3/ex01/full_name_package/install/full_name_package/include/full_name_package/full_name_package/srv/detail/summ_full_name__functions.c
[3.769s] -- Up-to-date: /home/rinna/ROS_2/ROSM3/ex01/full_name_package/install/full_name_package/include/full_name_package/full_name_package/msg
[3.769s] -- Up-to-date: /home/rinna/ROS_2/ROSM3/ex01/full_name_package/install/full_name_package/include/full_name_package/full_name_package/msg/rosidl_generator_c__visibility_control.h
[3.769s] -- Up-to-date: /home/rinna/ROS_2/ROSM3/ex01/full_name_package/install/full_name_package/include/full_name_package/full_name_package/msg/full_name.h
[3.769s] -- Up-to-date: /home/rinna/ROS_2/ROSM3/ex01/full_name_package/install/full_name_package/include/full_name_package/full_name_package/msg/detail
[3.769s] -- Up-to-date: /home/rinna/ROS_2/ROSM3/ex01/full_name_package/install/full_name_package/include/full_name_package/full_name_package/msg/detail/full_name__struct.h
[3.769s] -- Up-to-date: /home/rinna/ROS_2/ROSM3/ex01/full_name_package/install/full_name_package/include/full_name_package/full_name_package/msg/detail/full_name__functions.c
[3.769s] -- Up-to-date: /home/rinna/ROS_2/ROSM3/ex01/full_name_package/install/full_name_package/include/full_name_package/full_name_package/msg/detail/full_name__functions.h
[3.769s] -- Up-to-date: /home/rinna/ROS_2/ROSM3/ex01/full_name_package/install/full_name_package/include/full_name_package/full_name_package/msg/detail/full_name__type_support.h
[3.769s] -- Up-to-date: /home/rinna/ROS_2/ROSM3/ex01/full_name_package/install/full_name_package/share/full_name_package/environment/library_path.sh
[3.769s] -- Up-to-date: /home/rinna/ROS_2/ROSM3/ex01/full_name_package/install/full_name_package/share/full_name_package/environment/library_path.dsv
[3.770s] -- Up-to-date: /home/rinna/ROS_2/ROSM3/ex01/full_name_package/install/full_name_package/lib/libfull_name_package__rosidl_generator_c.so
[3.770s] -- Up-to-date: /home/rinna/ROS_2/ROSM3/ex01/full_name_package/install/full_name_package/include/full_name_package/full_name_package
[3.770s] -- Up-to-date: /home/rinna/ROS_2/ROSM3/ex01/full_name_package/install/full_name_package/include/full_name_package/full_name_package/srv
[3.770s] -- Up-to-date: /home/rinna/ROS_2/ROSM3/ex01/full_name_package/install/full_name_package/include/full_name_package/full_name_package/srv/detail
[3.770s] -- Up-to-date: /home/rinna/ROS_2/ROSM3/ex01/full_name_package/install/full_name_package/include/full_name_package/full_name_package/srv/detail/summ_full_name__rosidl_typesupport_fastrtps_c.h
[3.770s] -- Up-to-date: /home/rinna/ROS_2/ROSM3/ex01/full_name_package/install/full_name_package/include/full_name_package/full_name_package/msg
[3.770s] -- Up-to-date: /home/rinna/ROS_2/ROSM3/ex01/full_name_package/install/full_name_package/include/full_name_package/full_name_package/msg/rosidl_typesupport_fastrtps_c__visibility_control.h
[3.770s] -- Up-to-date: /home/rinna/ROS_2/ROSM3/ex01/full_name_package/install/full_name_package/include/full_name_package/full_name_package/msg/detail
[3.770s] -- Up-to-date: /home/rinna/ROS_2/ROSM3/ex01/full_name_package/install/full_name_package/include/full_name_package/full_name_package/msg/detail/full_name__rosidl_typesupport_fastrtps_c.h
[3.771s] -- Up-to-date: /home/rinna/ROS_2/ROSM3/ex01/full_name_package/install/full_name_package/lib/libfull_name_package__rosidl_typesupport_fastrtps_c.so
[3.771s] -- Up-to-date: /home/rinna/ROS_2/ROSM3/ex01/full_name_package/install/full_name_package/include/full_name_package/full_name_package
[3.771s] -- Up-to-date: /home/rinna/ROS_2/ROSM3/ex01/full_name_package/install/full_name_package/include/full_name_package/full_name_package/srv
[3.771s] -- Up-to-date: /home/rinna/ROS_2/ROSM3/ex01/full_name_package/install/full_name_package/include/full_name_package/full_name_package/srv/summ_full_name.hpp
[3.772s] -- Up-to-date: /home/rinna/ROS_2/ROSM3/ex01/full_name_package/install/full_name_package/include/full_name_package/full_name_package/srv/detail
[3.772s] -- Up-to-date: /home/rinna/ROS_2/ROSM3/ex01/full_name_package/install/full_name_package/include/full_name_package/full_name_package/srv/detail/summ_full_name__traits.hpp
[3.772s] -- Up-to-date: /home/rinna/ROS_2/ROSM3/ex01/full_name_package/install/full_name_package/include/full_name_package/full_name_package/srv/detail/summ_full_name__type_support.hpp
[3.772s] -- Up-to-date: /home/rinna/ROS_2/ROSM3/ex01/full_name_package/install/full_name_package/include/full_name_package/full_name_package/srv/detail/summ_full_name__struct.hpp
[3.772s] -- Up-to-date: /home/rinna/ROS_2/ROSM3/ex01/full_name_package/install/full_name_package/include/full_name_package/full_name_package/srv/detail/summ_full_name__builder.hpp
[3.772s] -- Up-to-date: /home/rinna/ROS_2/ROSM3/ex01/full_name_package/install/full_name_package/include/full_name_package/full_name_package/msg
[3.772s] -- Up-to-date: /home/rinna/ROS_2/ROSM3/ex01/full_name_package/install/full_name_package/include/full_name_package/full_name_package/msg/rosidl_generator_cpp__visibility_control.hpp
[3.772s] -- Up-to-date: /home/rinna/ROS_2/ROSM3/ex01/full_name_package/install/full_name_package/include/full_name_package/full_name_package/msg/full_name.hpp
[3.773s] -- Up-to-date: /home/rinna/ROS_2/ROSM3/ex01/full_name_package/install/full_name_package/include/full_name_package/full_name_package/msg/detail
[3.773s] -- Up-to-date: /home/rinna/ROS_2/ROSM3/ex01/full_name_package/install/full_name_package/include/full_name_package/full_name_package/msg/detail/full_name__traits.hpp
[3.773s] -- Up-to-date: /home/rinna/ROS_2/ROSM3/ex01/full_name_package/install/full_name_package/include/full_name_package/full_name_package/msg/detail/full_name__builder.hpp
[3.773s] -- Up-to-date: /home/rinna/ROS_2/ROSM3/ex01/full_name_package/install/full_name_package/include/full_name_package/full_name_package/msg/detail/full_name__type_support.hpp
[3.773s] -- Up-to-date: /home/rinna/ROS_2/ROSM3/ex01/full_name_package/install/full_name_package/include/full_name_package/full_name_package/msg/detail/full_name__struct.hpp
[3.773s] -- Up-to-date: /home/rinna/ROS_2/ROSM3/ex01/full_name_package/install/full_name_package/include/full_name_package/full_name_package
[3.773s] -- Up-to-date: /home/rinna/ROS_2/ROSM3/ex01/full_name_package/install/full_name_package/include/full_name_package/full_name_package/srv
[3.773s] -- Up-to-date: /home/rinna/ROS_2/ROSM3/ex01/full_name_package/install/full_name_package/include/full_name_package/full_name_package/srv/detail
[3.773s] -- Up-to-date: /home/rinna/ROS_2/ROSM3/ex01/full_name_package/install/full_name_package/include/full_name_package/full_name_package/srv/detail/summ_full_name__rosidl_typesupport_fastrtps_cpp.hpp
[3.773s] -- Up-to-date: /home/rinna/ROS_2/ROSM3/ex01/full_name_package/install/full_name_package/include/full_name_package/full_name_package/srv/detail/dds_fastrtps
[3.773s] -- Up-to-date: /home/rinna/ROS_2/ROSM3/ex01/full_name_package/install/full_name_package/include/full_name_package/full_name_package/msg
[3.773s] -- Up-to-date: /home/rinna/ROS_2/ROSM3/ex01/full_name_package/install/full_name_package/include/full_name_package/full_name_package/msg/rosidl_typesupport_fastrtps_cpp__visibility_control.h
[3.773s] -- Up-to-date: /home/rinna/ROS_2/ROSM3/ex01/full_name_package/install/full_name_package/include/full_name_package/full_name_package/msg/detail
[3.773s] -- Up-to-date: /home/rinna/ROS_2/ROSM3/ex01/full_name_package/install/full_name_package/include/full_name_package/full_name_package/msg/detail/dds_fastrtps
[3.774s] -- Up-to-date: /home/rinna/ROS_2/ROSM3/ex01/full_name_package/install/full_name_package/include/full_name_package/full_name_package/msg/detail/full_name__rosidl_typesupport_fastrtps_cpp.hpp
[3.774s] -- Up-to-date: /home/rinna/ROS_2/ROSM3/ex01/full_name_package/install/full_name_package/lib/libfull_name_package__rosidl_typesupport_fastrtps_cpp.so
[3.774s] -- Up-to-date: /home/rinna/ROS_2/ROSM3/ex01/full_name_package/install/full_name_package/include/full_name_package/full_name_package
[3.774s] -- Up-to-date: /home/rinna/ROS_2/ROSM3/ex01/full_name_package/install/full_name_package/include/full_name_package/full_name_package/srv
[3.774s] -- Up-to-date: /home/rinna/ROS_2/ROSM3/ex01/full_name_package/install/full_name_package/include/full_name_package/full_name_package/srv/detail
[3.774s] -- Up-to-date: /home/rinna/ROS_2/ROSM3/ex01/full_name_package/install/full_name_package/include/full_name_package/full_name_package/srv/detail/summ_full_name__rosidl_typesupport_introspection_c.h
[3.774s] -- Up-to-date: /home/rinna/ROS_2/ROSM3/ex01/full_name_package/install/full_name_package/include/full_name_package/full_name_package/srv/detail/summ_full_name__type_support.c
[3.774s] -- Up-to-date: /home/rinna/ROS_2/ROSM3/ex01/full_name_package/install/full_name_package/include/full_name_package/full_name_package/msg
[3.774s] -- Up-to-date: /home/rinna/ROS_2/ROSM3/ex01/full_name_package/install/full_name_package/include/full_name_package/full_name_package/msg/rosidl_typesupport_introspection_c__visibility_control.h
[3.774s] -- Up-to-date: /home/rinna/ROS_2/ROSM3/ex01/full_name_package/install/full_name_package/include/full_name_package/full_name_package/msg/detail
[3.774s] -- Up-to-date: /home/rinna/ROS_2/ROSM3/ex01/full_name_package/install/full_name_package/include/full_name_package/full_name_package/msg/detail/full_name__type_support.c
[3.774s] -- Up-to-date: /home/rinna/ROS_2/ROSM3/ex01/full_name_package/install/full_name_package/include/full_name_package/full_name_package/msg/detail/full_name__rosidl_typesupport_introspection_c.h
[3.774s] -- Up-to-date: /home/rinna/ROS_2/ROSM3/ex01/full_name_package/install/full_name_package/lib/libfull_name_package__rosidl_typesupport_introspection_c.so
[3.774s] -- Up-to-date: /home/rinna/ROS_2/ROSM3/ex01/full_name_package/install/full_name_package/lib/libfull_name_package__rosidl_typesupport_c.so
[3.775s] -- Up-to-date: /home/rinna/ROS_2/ROSM3/ex01/full_name_package/install/full_name_package/include/full_name_package/full_name_package
[3.775s] -- Up-to-date: /home/rinna/ROS_2/ROSM3/ex01/full_name_package/install/full_name_package/include/full_name_package/full_name_package/srv
[3.775s] -- Up-to-date: /home/rinna/ROS_2/ROSM3/ex01/full_name_package/install/full_name_package/include/full_name_package/full_name_package/srv/detail
[3.775s] -- Up-to-date: /home/rinna/ROS_2/ROSM3/ex01/full_name_package/install/full_name_package/include/full_name_package/full_name_package/srv/detail/summ_full_name__rosidl_typesupport_introspection_cpp.hpp
[3.775s] -- Up-to-date: /home/rinna/ROS_2/ROSM3/ex01/full_name_package/install/full_name_package/include/full_name_package/full_name_package/srv/detail/summ_full_name__type_support.cpp
[3.775s] -- Up-to-date: /home/rinna/ROS_2/ROSM3/ex01/full_name_package/install/full_name_package/include/full_name_package/full_name_package/msg
[3.775s] -- Up-to-date: /home/rinna/ROS_2/ROSM3/ex01/full_name_package/install/full_name_package/include/full_name_package/full_name_package/msg/detail
[3.775s] -- Up-to-date: /home/rinna/ROS_2/ROSM3/ex01/full_name_package/install/full_name_package/include/full_name_package/full_name_package/msg/detail/full_name__rosidl_typesupport_introspection_cpp.hpp
[3.775s] -- Up-to-date: /home/rinna/ROS_2/ROSM3/ex01/full_name_package/install/full_name_package/include/full_name_package/full_name_package/msg/detail/full_name__type_support.cpp
[3.776s] -- Up-to-date: /home/rinna/ROS_2/ROSM3/ex01/full_name_package/install/full_name_package/lib/libfull_name_package__rosidl_typesupport_introspection_cpp.so
[3.776s] -- Up-to-date: /home/rinna/ROS_2/ROSM3/ex01/full_name_package/install/full_name_package/lib/libfull_name_package__rosidl_typesupport_cpp.so
[3.776s] -- Up-to-date: /home/rinna/ROS_2/ROSM3/ex01/full_name_package/install/full_name_package/share/full_name_package/environment/pythonpath.sh
[3.776s] -- Up-to-date: /home/rinna/ROS_2/ROSM3/ex01/full_name_package/install/full_name_package/share/full_name_package/environment/pythonpath.dsv
[3.776s] -- Up-to-date: /home/rinna/ROS_2/ROSM3/ex01/full_name_package/install/full_name_package/local/lib/python3.10/dist-packages/full_name_package-0.0.0-py3.10.egg-info
[3.776s] -- Installing: /home/rinna/ROS_2/ROSM3/ex01/full_name_package/install/full_name_package/local/lib/python3.10/dist-packages/full_name_package-0.0.0-py3.10.egg-info/top_level.txt
[3.777s] -- Installing: /home/rinna/ROS_2/ROSM3/ex01/full_name_package/install/full_name_package/local/lib/python3.10/dist-packages/full_name_package-0.0.0-py3.10.egg-info/SOURCES.txt
[3.777s] -- Installing: /home/rinna/ROS_2/ROSM3/ex01/full_name_package/install/full_name_package/local/lib/python3.10/dist-packages/full_name_package-0.0.0-py3.10.egg-info/dependency_links.txt
[3.777s] -- Installing: /home/rinna/ROS_2/ROSM3/ex01/full_name_package/install/full_name_package/local/lib/python3.10/dist-packages/full_name_package-0.0.0-py3.10.egg-info/PKG-INFO
[3.777s] -- Up-to-date: /home/rinna/ROS_2/ROSM3/ex01/full_name_package/install/full_name_package/local/lib/python3.10/dist-packages/full_name_package
[3.777s] -- Up-to-date: /home/rinna/ROS_2/ROSM3/ex01/full_name_package/install/full_name_package/local/lib/python3.10/dist-packages/full_name_package/_full_name_package_s.ep.rosidl_typesupport_c.c
[3.777s] -- Up-to-date: /home/rinna/ROS_2/ROSM3/ex01/full_name_package/install/full_name_package/local/lib/python3.10/dist-packages/full_name_package/__init__.py
[3.777s] -- Up-to-date: /home/rinna/ROS_2/ROSM3/ex01/full_name_package/install/full_name_package/local/lib/python3.10/dist-packages/full_name_package/srv
[3.777s] -- Up-to-date: /home/rinna/ROS_2/ROSM3/ex01/full_name_package/install/full_name_package/local/lib/python3.10/dist-packages/full_name_package/srv/__init__.py
[3.778s] -- Up-to-date: /home/rinna/ROS_2/ROSM3/ex01/full_name_package/install/full_name_package/local/lib/python3.10/dist-packages/full_name_package/srv/_summ_full_name_s.c
[3.778s] -- Up-to-date: /home/rinna/ROS_2/ROSM3/ex01/full_name_package/install/full_name_package/local/lib/python3.10/dist-packages/full_name_package/srv/_summ_full_name.py
[3.778s] -- Up-to-date: /home/rinna/ROS_2/ROSM3/ex01/full_name_package/install/full_name_package/local/lib/python3.10/dist-packages/full_name_package/_full_name_package_s.ep.rosidl_typesupport_fastrtps_c.c
[3.778s] -- Up-to-date: /home/rinna/ROS_2/ROSM3/ex01/full_name_package/install/full_name_package/local/lib/python3.10/dist-packages/full_name_package/full_name_package_s__rosidl_typesupport_fastrtps_c.cpython-310-x86_64-linux-gnu.so
[3.778s] -- Up-to-date: /home/rinna/ROS_2/ROSM3/ex01/full_name_package/install/full_name_package/local/lib/python3.10/dist-packages/full_name_package/_full_name_package_s.ep.rosidl_typesupport_introspection_c.c
[3.778s] -- Up-to-date: /home/rinna/ROS_2/ROSM3/ex01/full_name_package/install/full_name_package/local/lib/python3.10/dist-packages/full_name_package/full_name_package_s__rosidl_typesupport_introspection_c.cpython-310-x86_64-linux-gnu.so
[3.778s] -- Up-to-date: /home/rinna/ROS_2/ROSM3/ex01/full_name_package/install/full_name_package/local/lib/python3.10/dist-packages/full_name_package/libfull_name_package__rosidl_generator_py.so
[3.778s] -- Up-to-date: /home/rinna/ROS_2/ROSM3/ex01/full_name_package/install/full_name_package/local/lib/python3.10/dist-packages/full_name_package/full_name_package_s__rosidl_typesupport_c.cpython-310-x86_64-linux-gnu.so
[3.778s] -- Up-to-date: /home/rinna/ROS_2/ROSM3/ex01/full_name_package/install/full_name_package/local/lib/python3.10/dist-packages/full_name_package/msg
[3.778s] -- Up-to-date: /home/rinna/ROS_2/ROSM3/ex01/full_name_package/install/full_name_package/local/lib/python3.10/dist-packages/full_name_package/msg/__init__.py
[3.779s] -- Up-to-date: /home/rinna/ROS_2/ROSM3/ex01/full_name_package/install/full_name_package/local/lib/python3.10/dist-packages/full_name_package/msg/_full_name_s.c
[3.779s] -- Up-to-date: /home/rinna/ROS_2/ROSM3/ex01/full_name_package/install/full_name_package/local/lib/python3.10/dist-packages/full_name_package/msg/_full_name.py
[3.806s] Listing '/home/rinna/ROS_2/ROSM3/ex01/full_name_package/install/full_name_package/local/lib/python3.10/dist-packages/full_name_package'...
[3.806s] Listing '/home/rinna/ROS_2/ROSM3/ex01/full_name_package/install/full_name_package/local/lib/python3.10/dist-packages/full_name_package/msg'...
[3.806s] Listing '/home/rinna/ROS_2/ROSM3/ex01/full_name_package/install/full_name_package/local/lib/python3.10/dist-packages/full_name_package/srv'...
[3.811s] -- Up-to-date: /home/rinna/ROS_2/ROSM3/ex01/full_name_package/install/full_name_package/local/lib/python3.10/dist-packages/full_name_package/full_name_package_s__rosidl_typesupport_fastrtps_c.cpython-310-x86_64-linux-gnu.so
[3.811s] -- Up-to-date: /home/rinna/ROS_2/ROSM3/ex01/full_name_package/install/full_name_package/local/lib/python3.10/dist-packages/full_name_package/full_name_package_s__rosidl_typesupport_introspection_c.cpython-310-x86_64-linux-gnu.so
[3.812s] -- Up-to-date: /home/rinna/ROS_2/ROSM3/ex01/full_name_package/install/full_name_package/local/lib/python3.10/dist-packages/full_name_package/full_name_package_s__rosidl_typesupport_c.cpython-310-x86_64-linux-gnu.so
[3.813s] -- Up-to-date: /home/rinna/ROS_2/ROSM3/ex01/full_name_package/install/full_name_package/lib/libfull_name_package__rosidl_generator_py.so
[3.813s] -- Up-to-date: /home/rinna/ROS_2/ROSM3/ex01/full_name_package/install/full_name_package/share/full_name_package/msg/FullName.idl
[3.813s] -- Up-to-date: /home/rinna/ROS_2/ROSM3/ex01/full_name_package/install/full_name_package/share/full_name_package/srv/SummFullName.idl
[3.813s] -- Up-to-date: /home/rinna/ROS_2/ROSM3/ex01/full_name_package/install/full_name_package/share/full_name_package/msg/FullName.msg
[3.813s] -- Up-to-date: /home/rinna/ROS_2/ROSM3/ex01/full_name_package/install/full_name_package/share/full_name_package/srv/SummFullName.srv
[3.813s] -- Up-to-date: /home/rinna/ROS_2/ROSM3/ex01/full_name_package/install/full_name_package/share/full_name_package/srv/SummFullName_Request.msg
[3.813s] -- Up-to-date: /home/rinna/ROS_2/ROSM3/ex01/full_name_package/install/full_name_package/share/full_name_package/srv/SummFullName_Response.msg
[3.814s] -- Installing: /home/rinna/ROS_2/ROSM3/ex01/full_name_package/install/full_name_package/lib/full_name_package/service_name
[3.815s] -- Set runtime path of "/home/rinna/ROS_2/ROSM3/ex01/full_name_package/install/full_name_package/lib/full_name_package/service_name" to ""
[3.816s] -- Up-to-date: /home/rinna/ROS_2/ROSM3/ex01/full_name_package/install/full_name_package/lib/full_name_package/client_name
[3.816s] -- Up-to-date: /home/rinna/ROS_2/ROSM3/ex01/full_name_package/install/full_name_package/share/ament_index/resource_index/package_run_dependencies/full_name_package
[3.816s] -- Up-to-date: /home/rinna/ROS_2/ROSM3/ex01/full_name_package/install/full_name_package/share/ament_index/resource_index/parent_prefix_path/full_name_package
[3.816s] -- Up-to-date: /home/rinna/ROS_2/ROSM3/ex01/full_name_package/install/full_name_package/share/full_name_package/environment/ament_prefix_path.sh
[3.816s] -- Up-to-date: /home/rinna/ROS_2/ROSM3/ex01/full_name_package/install/full_name_package/share/full_name_package/environment/ament_prefix_path.dsv
[3.817s] -- Up-to-date: /home/rinna/ROS_2/ROSM3/ex01/full_name_package/install/full_name_package/share/full_name_package/environment/path.sh
[3.817s] -- Up-to-date: /home/rinna/ROS_2/ROSM3/ex01/full_name_package/install/full_name_package/share/full_name_package/environment/path.dsv
[3.817s] -- Up-to-date: /home/rinna/ROS_2/ROSM3/ex01/full_name_package/install/full_name_package/share/full_name_package/local_setup.bash
[3.817s] -- Up-to-date: /home/rinna/ROS_2/ROSM3/ex01/full_name_package/install/full_name_package/share/full_name_package/local_setup.sh
[3.817s] -- Up-to-date: /home/rinna/ROS_2/ROSM3/ex01/full_name_package/install/full_name_package/share/full_name_package/local_setup.zsh
[3.817s] -- Up-to-date: /home/rinna/ROS_2/ROSM3/ex01/full_name_package/install/full_name_package/share/full_name_package/local_setup.dsv
[3.817s] -- Installing: /home/rinna/ROS_2/ROSM3/ex01/full_name_package/install/full_name_package/share/full_name_package/package.dsv
[3.817s] -- Up-to-date: /home/rinna/ROS_2/ROSM3/ex01/full_name_package/install/full_name_package/share/ament_index/resource_index/packages/full_name_package
[3.818s] -- Up-to-date: /home/rinna/ROS_2/ROSM3/ex01/full_name_package/install/full_name_package/share/full_name_package/cmake/export_full_name_package__rosidl_generator_cExport.cmake
[3.818s] -- Up-to-date: /home/rinna/ROS_2/ROSM3/ex01/full_name_package/install/full_name_package/share/full_name_package/cmake/export_full_name_package__rosidl_generator_cExport-noconfig.cmake
[3.818s] -- Up-to-date: /home/rinna/ROS_2/ROSM3/ex01/full_name_package/install/full_name_package/share/full_name_package/cmake/export_full_name_package__rosidl_typesupport_fastrtps_cExport.cmake
[3.819s] -- Up-to-date: /home/rinna/ROS_2/ROSM3/ex01/full_name_package/install/full_name_package/share/full_name_package/cmake/export_full_name_package__rosidl_typesupport_fastrtps_cExport-noconfig.cmake
[3.819s] -- Up-to-date: /home/rinna/ROS_2/ROSM3/ex01/full_name_package/install/full_name_package/share/full_name_package/cmake/export_full_name_package__rosidl_generator_cppExport.cmake
[3.819s] -- Up-to-date: /home/rinna/ROS_2/ROSM3/ex01/full_name_package/install/full_name_package/share/full_name_package/cmake/export_full_name_package__rosidl_typesupport_fastrtps_cppExport.cmake
[3.819s] -- Up-to-date: /home/rinna/ROS_2/ROSM3/ex01/full_name_package/install/full_name_package/share/full_name_package/cmake/export_full_name_package__rosidl_typesupport_fastrtps_cppExport-noconfig.cmake
[3.820s] -- Up-to-date: /home/rinna/ROS_2/ROSM3/ex01/full_name_package/install/full_name_package/share/full_name_package/cmake/full_name_package__rosidl_typesupport_introspection_cExport.cmake
[3.820s] -- Up-to-date: /home/rinna/ROS_2/ROSM3/ex01/full_name_package/install/full_name_package/share/full_name_package/cmake/full_name_package__rosidl_typesupport_introspection_cExport-noconfig.cmake
[3.820s] -- Up-to-date: /home/rinna/ROS_2/ROSM3/ex01/full_name_package/install/full_name_package/share/full_name_package/cmake/full_name_package__rosidl_typesupport_cExport.cmake
[3.820s] -- Up-to-date: /home/rinna/ROS_2/ROSM3/ex01/full_name_package/install/full_name_package/share/full_name_package/cmake/full_name_package__rosidl_typesupport_cExport-noconfig.cmake
[3.821s] -- Up-to-date: /home/rinna/ROS_2/ROSM3/ex01/full_name_package/install/full_name_package/share/full_name_package/cmake/full_name_package__rosidl_typesupport_introspection_cppExport.cmake
[3.821s] -- Up-to-date: /home/rinna/ROS_2/ROSM3/ex01/full_name_package/install/full_name_package/share/full_name_package/cmake/full_name_package__rosidl_typesupport_introspection_cppExport-noconfig.cmake
[3.821s] -- Up-to-date: /home/rinna/ROS_2/ROSM3/ex01/full_name_package/install/full_name_package/share/full_name_package/cmake/full_name_package__rosidl_typesupport_cppExport.cmake
[3.822s] -- Up-to-date: /home/rinna/ROS_2/ROSM3/ex01/full_name_package/install/full_name_package/share/full_name_package/cmake/full_name_package__rosidl_typesupport_cppExport-noconfig.cmake
[3.822s] -- Up-to-date: /home/rinna/ROS_2/ROSM3/ex01/full_name_package/install/full_name_package/share/full_name_package/cmake/export_full_name_package__rosidl_generator_pyExport.cmake
[3.822s] -- Up-to-date: /home/rinna/ROS_2/ROSM3/ex01/full_name_package/install/full_name_package/share/full_name_package/cmake/export_full_name_package__rosidl_generator_pyExport-noconfig.cmake
[3.822s] -- Up-to-date: /home/rinna/ROS_2/ROSM3/ex01/full_name_package/install/full_name_package/share/full_name_package/cmake/rosidl_cmake-extras.cmake
[3.822s] -- Up-to-date: /home/rinna/ROS_2/ROSM3/ex01/full_name_package/install/full_name_package/share/full_name_package/cmake/ament_cmake_export_dependencies-extras.cmake
[3.822s] -- Up-to-date: /home/rinna/ROS_2/ROSM3/ex01/full_name_package/install/full_name_package/share/full_name_package/cmake/ament_cmake_export_include_directories-extras.cmake
[3.822s] -- Up-to-date: /home/rinna/ROS_2/ROSM3/ex01/full_name_package/install/full_name_package/share/full_name_package/cmake/ament_cmake_export_libraries-extras.cmake
[3.823s] -- Up-to-date: /home/rinna/ROS_2/ROSM3/ex01/full_name_package/install/full_name_package/share/full_name_package/cmake/ament_cmake_export_targets-extras.cmake
[3.823s] -- Up-to-date: /home/rinna/ROS_2/ROSM3/ex01/full_name_package/install/full_name_package/share/full_name_package/cmake/rosidl_cmake_export_typesupport_targets-extras.cmake
[3.823s] -- Up-to-date: /home/rinna/ROS_2/ROSM3/ex01/full_name_package/install/full_name_package/share/full_name_package/cmake/rosidl_cmake_export_typesupport_libraries-extras.cmake
[3.823s] -- Up-to-date: /home/rinna/ROS_2/ROSM3/ex01/full_name_package/install/full_name_package/share/full_name_package/cmake/full_name_packageConfig.cmake
[3.823s] -- Up-to-date: /home/rinna/ROS_2/ROSM3/ex01/full_name_package/install/full_name_package/share/full_name_package/cmake/full_name_packageConfig-version.cmake
[3.823s] -- Up-to-date: /home/rinna/ROS_2/ROSM3/ex01/full_name_package/install/full_name_package/share/full_name_package/package.xml
[3.826s] Invoked command in '/home/rinna/ROS_2/ROSM3/ex01/full_name_package/build/full_name_package' returned '0': CMAKE_PREFIX_PATH=${CMAKE_PREFIX_PATH}:/home/rinna/ROS_2/ROSM3/ex01/install/service_full_name:/opt/ros/humble /usr/bin/cmake --install /home/rinna/ROS_2/ROSM3/ex01/full_name_package/build/full_name_package
