[0.013s] Invoking command in '/home/rinna/ROS_2/ROSM5/ex01/sam_bot_description/build/sam_bot_description': CMAKE_PREFIX_PATH=${CMAKE_PREFIX_PATH}:/opt/ros/humble /usr/bin/cmake --build /home/rinna/ROS_2/ROSM5/ex01/sam_bot_description/build/sam_bot_description -- -j16 -l16
[0.052s] Invoked command in '/home/rinna/ROS_2/ROSM5/ex01/sam_bot_description/build/sam_bot_description' returned '0': CMAKE_PREFIX_PATH=${CMAKE_PREFIX_PATH}:/opt/ros/humble /usr/bin/cmake --build /home/rinna/ROS_2/ROSM5/ex01/sam_bot_description/build/sam_bot_description -- -j16 -l16
[0.063s] Invoking command in '/home/rinna/ROS_2/ROSM5/ex01/sam_bot_description/build/sam_bot_description': CMAKE_PREFIX_PATH=${CMAKE_PREFIX_PATH}:/opt/ros/humble /usr/bin/cmake --install /home/rinna/ROS_2/ROSM5/ex01/sam_bot_description/build/sam_bot_description
[0.071s] -- Install configuration: ""
[0.071s] -- Up-to-date: /home/rinna/ROS_2/ROSM5/ex01/sam_bot_description/install/sam_bot_description/share/ament_index/resource_index/package_run_dependencies/sam_bot_description
[0.071s] -- Up-to-date: /home/rinna/ROS_2/ROSM5/ex01/sam_bot_description/install/sam_bot_description/share/ament_index/resource_index/parent_prefix_path/sam_bot_description
[0.071s] -- Up-to-date: /home/rinna/ROS_2/ROSM5/ex01/sam_bot_description/install/sam_bot_description/share/sam_bot_description/environment/ament_prefix_path.sh
[0.071s] -- Up-to-date: /home/rinna/ROS_2/ROSM5/ex01/sam_bot_description/install/sam_bot_description/share/sam_bot_description/environment/ament_prefix_path.dsv
[0.071s] -- Up-to-date: /home/rinna/ROS_2/ROSM5/ex01/sam_bot_description/install/sam_bot_description/share/sam_bot_description/environment/path.sh
[0.071s] -- Up-to-date: /home/rinna/ROS_2/ROSM5/ex01/sam_bot_description/install/sam_bot_description/share/sam_bot_description/environment/path.dsv
[0.071s] -- Up-to-date: /home/rinna/ROS_2/ROSM5/ex01/sam_bot_description/install/sam_bot_description/share/sam_bot_description/local_setup.bash
[0.072s] -- Up-to-date: /home/rinna/ROS_2/ROSM5/ex01/sam_bot_description/install/sam_bot_description/share/sam_bot_description/local_setup.sh
[0.072s] -- Up-to-date: /home/rinna/ROS_2/ROSM5/ex01/sam_bot_description/install/sam_bot_description/share/sam_bot_description/local_setup.zsh
[0.072s] -- Up-to-date: /home/rinna/ROS_2/ROSM5/ex01/sam_bot_description/install/sam_bot_description/share/sam_bot_description/local_setup.dsv
[0.072s] -- Up-to-date: /home/rinna/ROS_2/ROSM5/ex01/sam_bot_description/install/sam_bot_description/share/sam_bot_description/package.dsv
[0.072s] -- Up-to-date: /home/rinna/ROS_2/ROSM5/ex01/sam_bot_description/install/sam_bot_description/share/ament_index/resource_index/packages/sam_bot_description
[0.072s] -- Up-to-date: /home/rinna/ROS_2/ROSM5/ex01/sam_bot_description/install/sam_bot_description/share/sam_bot_description/cmake/sam_bot_descriptionConfig.cmake
[0.072s] -- Up-to-date: /home/rinna/ROS_2/ROSM5/ex01/sam_bot_description/install/sam_bot_description/share/sam_bot_description/cmake/sam_bot_descriptionConfig-version.cmake
[0.072s] -- Up-to-date: /home/rinna/ROS_2/ROSM5/ex01/sam_bot_description/install/sam_bot_description/share/sam_bot_description/package.xml
[0.074s] Invoked command in '/home/rinna/ROS_2/ROSM5/ex01/sam_bot_description/build/sam_bot_description' returned '0': CMAKE_PREFIX_PATH=${CMAKE_PREFIX_PATH}:/opt/ros/humble /usr/bin/cmake --install /home/rinna/ROS_2/ROSM5/ex01/sam_bot_description/build/sam_bot_description
